23.03.2004 10:43:37 Parameter directory is G:/Vitess2_5alpha5/FILES/SM_ENSEMBLE_DIR
Starting simulation
G:/Vitess2_5alpha5/MODULES/source.exe -S2 --Z21 --G1 --U1.0e-26 --B10000 --PG:/Vitess2_5alpha5/FILES/SM_ENSEMBLE_DIR --LG:/Vitess2_5alpha5/FILES/SM_ENSEMBLE_DIR/vpipelog1 -R50 -NESS -n1000000 -A0 -k0 -aG:/Vitess2_5alpha5/FILES/SM_ENSEMBLE_DIR/EssSPColdCpld.mod -y1 -z1 -m0.1 -M10 -t0 -T0.4 -d1 -P0 -X0 -Y0 -V-1 -D100 -w6 -h10 -i0 
| G:/Vitess2_5alpha5/MODULES/guide.exe --Z21 --G1 --U1.0e-26 --B10000 --PG:/Vitess2_5alpha5/FILES/SM_ENSEMBLE_DIR --LG:/Vitess2_5alpha5/FILES/SM_ENSEMBLE_DIR/vpipelog2 -w5.97 -h10 -W5.97 -H10 -p800 -N1 -R0 -iG:/Vitess2_5alpha5/FILES/SM_ENSEMBLE_DIR/mirr1b.dat -IG:/Vitess2_5alpha5/FILES/SM_ENSEMBLE_DIR/mirr1b.dat -jG:/Vitess2_5alpha5/FILES/SM_ENSEMBLE_DIR/mirr1b.dat -JG:/Vitess2_5alpha5/FILES/SM_ENSEMBLE_DIR/mirr1b.dat -a0 
| G:/Vitess2_5alpha5/MODULES/monitor1.exe -k1 --Z21 --G1 --U1.0e-26 --B10000 --PG:/Vitess2_5alpha5/FILES/SM_ENSEMBLE_DIR --LG:/Vitess2_5alpha5/FILES/SM_ENSEMBLE_DIR/vpipelog3 -OG:/Vitess2_5alpha5/FILES/SM_ENSEMBLE_DIR/lambdasou.dat -n50 -C0 -f1 -m0.1 -M10.01 -p1 -e0 -t-1.e10 -T1.e10 
| G:/Vitess2_5alpha5/MODULES/sm_ensemble.exe --Z21 --G1 --U1.0e-26 --B10000 --PG:/Vitess2_5alpha5/FILES/SM_ENSEMBLE_DIR --LG:/Vitess2_5alpha5/FILES/SM_ENSEMBLE_DIR/vpipelog4 -PG:/Vitess2_5alpha5/FILES/SM_ENSEMBLE_DIR/gbranchparsplit.dat -M1000 -Q2 -r600 -s0 -t0 -h0 -v0 -T0 -o1 
| G:/Vitess2_5alpha5/MODULES/guide.exe --Z21 --G1 --U1.0e-26 --B10000 --PG:/Vitess2_5alpha5/FILES/SM_ENSEMBLE_DIR --LG:/Vitess2_5alpha5/FILES/SM_ENSEMBLE_DIR/vpipelog5 -w5.97 -h10. -W5.97 -H10. -p50 -N1 -R0 -iG:/Vitess2_5alpha5/FILES/SM_ENSEMBLE_DIR/mirr1b.dat -IG:/Vitess2_5alpha5/FILES/SM_ENSEMBLE_DIR/mirr1b.dat -jG:/Vitess2_5alpha5/FILES/SM_ENSEMBLE_DIR/mirr1b.dat -JG:/Vitess2_5alpha5/FILES/SM_ENSEMBLE_DIR/mirr1b.dat -a0 
| G:/Vitess2_5alpha5/MODULES/monitorpol_1d.exe -k1 --Z21 --G1 --U1.0e-26 --B10000 --PG:/Vitess2_5alpha5/FILES/SM_ENSEMBLE_DIR --LG:/Vitess2_5alpha5/FILES/SM_ENSEMBLE_DIR/vpipelog6 -OG:/Vitess2_5alpha5/FILES/SM_ENSEMBLE_DIR/p_l_trans.dat -n50 -m0.1 -M10.01 -p1 -e0 -t-1.e10 -T1.e10 -a0 -b0 -c1 
| G:/Vitess2_5alpha5/MODULES/monitor1.exe -k1 --Z21 --G1 --U1.0e-26 --B10000 --PG:/Vitess2_5alpha5/FILES/SM_ENSEMBLE_DIR --LG:/Vitess2_5alpha5/FILES/SM_ENSEMBLE_DIR/vpipelog7 -OG:/Vitess2_5alpha5/FILES/SM_ENSEMBLE_DIR/l_trans.dat -n50 -C0 -f1 -m0.1 -M10.01 -p1 -e0 -t-1.e10 -T1.e10 --Fno_file
23.03.2004 10:43:37 simulation (a7c d2c 678 f20 b7c ea4 a5c ) (2684 3372 1656 3872 2940 3748 2652) is active
23.03.2004 10:43:45 ------------------------------
23.03.2004 10:43:45 
23.03.2004 10:43:45 
23.03.2004 10:43:45 VITESS version 2.5 module Source and Window 1.9c
23.03.2004 10:43:45 
23.03.2004 10:43:45 > Simulation of short pulsed spallation source ESS <
23.03.2004 10:43:45 pulse frequency              :  50.000 Hz 
23.03.2004 10:43:45 
23.03.2004 10:43:45 coupled moderator
23.03.2004 10:43:45 moderator temperature        :  50.000 K
23.03.2004 10:43:45 total neutron flux (in 2*pi) : 1.0116e+014 n/(cm²s) 
23.03.2004 10:43:45 moderator size (W x H)       :  21.000 cm  x  12.000 cm 
23.03.2004 10:43:45 moderator position           :(  0.000    0.000    0.000) cm 
23.03.2004 10:43:45 divergence defined by propagation window 
23.03.2004 10:43:45 time averaged neutron current: 2.4198e+013 n/s in 0.005964 str
23.03.2004 10:43:45 wavelength band used         :   0.100 Ang -  10.000 Ang
23.03.2004 10:43:45 time interval used           :   0.000 ms  -   0.400 ms 
23.03.2004 10:43:45 
23.03.2004 10:43:45 window (W x H)               :   6.000 cm  x  10.000 cm 
23.03.2004 10:43:45   in a distance of           :   1.000 m   
23.03.2004 10:43:45   with a declination of      :   0.000°    
23.03.2004 10:43:45 polarization                 :   0.000 %  X: 0.000 Y: 0.000 Z: -1.000
23.03.2004 10:43:45 
23.03.2004 10:43:45 Gravity is enabled 
23.03.2004 10:43:45 Cutoff probability for one trajectory 1.000e-026 
23.03.2004 10:43:45 Center of beam at window     :(100.000   -0.026   -0.044) cm 
23.03.2004 10:43:45 Average TOF                  :   0.585 ms 
23.03.2004 10:43:45 
23.03.2004 10:43:45 number of trajectories started     :        1000000
23.03.2004 10:43:45  1 number of trajectories read         :          0
23.03.2004 10:43:45    number of trajectories written      :     999999
23.03.2004 10:43:45 (time averaged) neutron count rate     : 3.1600e+013 n/s 
23.03.2004 10:43:45 ------------------------------
23.03.2004 10:43:45 
23.03.2004 10:43:45 
23.03.2004 10:43:45 VITESS version 2.5 module guide 2.9a
23.03.2004 10:43:45 Straight guide 
23.03.2004 10:43:45 Total length of guide :    8.000 m
23.03.2004 10:43:45 Width x Height        :   5.970 x  10.000 cm²
23.03.2004 10:43:45 Inside guide abutment loss is disabled 
23.03.2004 10:43:45 The walls have no waviness 
23.03.2004 10:43:45  
23.03.2004 10:43:45  2 number of trajectories read         :     999999
23.03.2004 10:43:45    number of trajectories written      :      22303
23.03.2004 10:43:45 (time averaged) neutron count rate     : 2.3385e+011 n/s 
23.03.2004 10:43:46 ------------------------------
23.03.2004 10:43:46 
23.03.2004 10:43:46 
23.03.2004 10:43:46 VITESS version 2.5 module monitor1 1.4
23.03.2004 10:43:46 Norm:  0.198200
23.03.2004 10:43:46  3 number of trajectories read         :      22303
23.03.2004 10:43:46    number of trajectories written      :      22303
23.03.2004 10:43:46 (time averaged) neutron count rate     : 2.3385e+011 n/s 
23.03.2004 10:43:46 ------------------------------
23.03.2004 10:43:46  
23.03.2004 10:43:46 
23.03.2004 10:43:46 
23.03.2004 10:43:46 VITESS version 2.5 module supermirror_ensemble 1.5
23.03.2004 10:43:46 Stops at 1000 collisions.
23.03.2004 10:43:46 
23.03.2004 10:43:46 A:   118.75000   5.00000  -118.75000   5.00000  -118.75000  -5.00000   118.75000  -5.00000   118.75000  -2.98000   0.00000   -90.00000   0.00000     0.00000   0.00000     0.00205   0.00206    1.00000  100.00000  100.00000    0.00205    0.00206    1.00000  100.00000   0.00000 
23.03.2004 10:43:46 
23.03.2004 10:43:46 B:   181.25000   5.00000  -181.25000   5.00000  -181.25000  -5.00000   181.25000  -5.00000   418.75000  -2.98000   0.00000   -90.00000   0.00000     0.00000   0.00000     0.00205   0.00206    1.00000    0.00024    0.00000    0.00205    0.00206    1.00000    0.00024   0.00000 
23.03.2004 10:43:46 
23.03.2004 10:43:46 C:   300.00000   5.00000  -300.00000   5.00000  -300.00000  -5.00000   300.00000  -5.00000   300.00000   2.98000   0.00000    90.00000   0.00000     0.00000   0.00000     0.00205   0.00206    1.00000  100.00000  100.00000    0.00205    0.00206    1.00000  100.00000   0.00000 
23.03.2004 10:43:46 
23.03.2004 10:43:46 D:   181.23000   5.00000  -181.23000   5.00000  -181.23000  -5.00000   181.23000  -5.00000   418.75000  -5.89000   0.00000   -90.91700   0.00000     0.00000   0.00000     0.00205   0.00206    1.00000  100.00000  100.00000    0.00097    0.00098    1.00000  100.00000   0.00000 
23.03.2004 10:43:46 
23.03.2004 10:43:46 E:   300.01000   5.00000  -300.01000   5.00000  -300.01000  -5.00000   300.01000  -5.00000   300.00000  -0.99000   0.00000    89.62000   0.00000     0.00000   0.00000     0.00202   0.00349    0.90000    0.00024    0.00000    0.00081    0.00082    1.00000    0.00024   0.00000 
23.03.2004 10:43:46 
23.03.2004 10:43:46 F:   150.00000   5.00000  -150.00000   5.00000  -150.00000  -5.00000   150.00000  -5.00000   150.00000   1.99000   0.00000   -89.62000   0.00000     0.00000   0.00000     0.00202   0.00349    0.90000    0.00024    0.00000    0.00081    0.00082    1.00000    0.00024   0.00000 
23.03.2004 10:43:46 
23.03.2004 10:43:46 G:     2.98000 300.00000    -2.98000 300.00000    -2.98000-300.00000     2.98000-300.00000   300.00000   0.00000   5.00000     0.00000  90.00000     0.00000   0.00000     0.00205   0.00206    1.00000  100.00000  100.00000    0.00205    0.00206    1.00000  100.00000   0.00000 
23.03.2004 10:43:46 
23.03.2004 10:43:46 H:     2.98000 300.00000    -2.98000 300.00000    -2.98000-300.00000     2.98000-300.00000   300.00000   0.00000  -5.00000     0.00000 -90.00000     0.00000   0.00000     0.00205   0.00206    1.00000  100.00000  100.00000    0.00205    0.00206    1.00000  100.00000   0.00000 
23.03.2004 10:43:46 
23.03.2004 10:43:46 I:     0.01000   0.01000    -0.01000 181.25000    -5.80000-181.16000     0.01000-181.25000   418.75000  -2.98000   5.00000     0.00000  90.00000     0.00000   0.00000     0.00205   0.00206    1.00000  100.00000  100.00000    0.00205    0.00206    1.00000  100.00000   0.00000 
23.03.2004 10:43:46 
23.03.2004 10:43:46 J:     0.01000 181.25000    -5.80000 181.16000    -0.01000-181.25000     0.01000  -0.01000   418.75000  -2.98000  -5.00000     0.00000 -90.00000     0.00000   0.00000     0.00205   0.00206    1.00000  100.00000  100.00000    0.00205    0.00206    1.00000  100.00000   0.00000 
23.03.2004 10:43:46 
23.03.2004 10:43:46 ABCDEFGHIJ: 1 1 1 1 1 1 1 1 1 1
23.03.2004 10:43:46  4 number of trajectories read         :      22303
23.03.2004 10:43:46    number of trajectories written      :      17221
23.03.2004 10:43:46 (time averaged) neutron count rate     : 1.3447e+011 n/s 
23.03.2004 10:43:46 ------------------------------
23.03.2004 10:43:46 
23.03.2004 10:43:46 
23.03.2004 10:43:46 VITESS version 2.5 module guide 2.9a
23.03.2004 10:43:46 Straight guide 
23.03.2004 10:43:46 Total length of guide :    0.500 m
23.03.2004 10:43:46 Width x Height        :   5.970 x  10.000 cm²
23.03.2004 10:43:46 Inside guide abutment loss is disabled 
23.03.2004 10:43:46 The walls have no waviness 
23.03.2004 10:43:46  
23.03.2004 10:43:46  5 number of trajectories read         :      17221
23.03.2004 10:43:46    number of trajectories written      :      11150
23.03.2004 10:43:46 (time averaged) neutron count rate     : 9.0419e+010 n/s 
23.03.2004 10:43:46 ------------------------------
23.03.2004 10:43:46 
23.03.2004 10:43:46 
23.03.2004 10:43:46 VITESS version 2.5 module monitorpol1 1.2
23.03.2004 10:43:46 
23.03.2004 10:43:46 polarization: -0.59105 
23.03.2004 10:43:46  6 number of trajectories read         :      11150
23.03.2004 10:43:46    number of trajectories written      :      11150
23.03.2004 10:43:46 (time averaged) neutron count rate     : 9.0419e+010 n/s 
23.03.2004 10:43:46 ------------------------------
23.03.2004 10:43:46 
23.03.2004 10:43:46 
23.03.2004 10:43:46 VITESS version 2.5 module monitor1 1.4
23.03.2004 10:43:46 Norm:  0.198200
23.03.2004 10:43:46  7 number of trajectories read         :      11150
23.03.2004 10:43:46    number of trajectories written      :      11150
23.03.2004 10:43:46 (time averaged) neutron count rate     : 9.0419e+010 n/s 
23.03.2004 10:43:46 ------------------------------
