31.03.2004 17:37:11 Parameter directory is C:/Programme/Vitess_2_5/FILES/REFL_DIR
Starting simulation
C:/Programme/Vitess_2_5/MODULES/source.exe -S3 --Z1 --G1 --U1.0e-7 --B10000 --PC:/Programme/Vitess_2_5/FILES/REFL_DIR --LC:/Programme/Vitess_2_5/FILES/REFL_DIR/vpipelog1 -NESS -R16.667 -p2.0 -aC:/Programme/Vitess_2_5/FILES/REFL_DIR/EssLPTherm.mod -n1000000 -m0.1 -t0.0 -y2.1 -M10 -T4.7 -z0.065 -d0 -P0 -X1 -Y0 -V0 -D600 -w6 -h10 -i0 -k0 
| C:/Programme/Vitess_2_5/MODULES/chopper_disc.exe --Z1 --G1 --U1.0e-7 --B10000 --PC:/Programme/Vitess_2_5/FILES/REFL_DIR --LC:/Programme/Vitess_2_5/FILES/REFL_DIR/vpipelog2 -s1000 -o-43.9 -g1 -z0 -p1 -c0 -CC:/Programme/Vitess_2_5/FILES/REFL_DIR/chop_045.dat -l0 
| C:/Programme/Vitess_2_5/MODULES/guide.exe --Z1 --G1 --U1.0e-7 --B10000 --PC:/Programme/Vitess_2_5/FILES/REFL_DIR --LC:/Programme/Vitess_2_5/FILES/REFL_DIR/vpipelog3 -Y2 -Z0 -w6 -h10 -W6 -H10 -p100 -N27 -R1000 -iC:/Programme/Vitess_2_5/FILES/REFL_DIR/mirr1b.dat -IC:/Programme/Vitess_2_5/FILES/REFL_DIR/mirr2linear.dat -jC:/Programme/Vitess_2_5/FILES/REFL_DIR/mirr1b.dat -JC:/Programme/Vitess_2_5/FILES/REFL_DIR/mirr1b.dat -b3 -s0.05 -r0.0 -a1 
| C:/Programme/Vitess_2_5/MODULES/chopper_disc.exe --Z1 --G1 --U1.0e-7 --B10000 --PC:/Programme/Vitess_2_5/FILES/REFL_DIR --LC:/Programme/Vitess_2_5/FILES/REFL_DIR/vpipelog4 -s1000 -o152.3 -g1 -z0 -p1 -c0 -CC:/Programme/Vitess_2_5/FILES/REFL_DIR/chop_180.dat -l0 
| C:/Programme/Vitess_2_5/MODULES/guide.exe --Z1 --G1 --U1.0e-7 --B10000 --PC:/Programme/Vitess_2_5/FILES/REFL_DIR --LC:/Programme/Vitess_2_5/FILES/REFL_DIR/vpipelog5 -Y0 -Z0 -w6 -h10 -W6 -H10 -p2974 -N1 -R0 -iC:/Programme/Vitess_2_5/FILES/REFL_DIR/mirr1b.dat -IC:/Programme/Vitess_2_5/FILES/REFL_DIR/mirr1b.dat -jC:/Programme/Vitess_2_5/FILES/REFL_DIR/mirr1b.dat -JC:/Programme/Vitess_2_5/FILES/REFL_DIR/mirr1b.dat -r0.005 -y10 -z10 -a1 
| C:/Programme/Vitess_2_5/MODULES/spacewindow.exe --Z1 --G1 --U1.0e-7 --B10000 --PC:/Programme/Vitess_2_5/FILES/REFL_DIR --LC:/Programme/Vitess_2_5/FILES/REFL_DIR/vpipelog6 -l0 -R0 -h-0.1 -H0.1 -w-2 -W2 -S0 -t0.01 -c6 -T0 
| C:/Programme/Vitess_2_5/MODULES/spacewindow.exe --Z1 --G1 --U1.0e-7 --B10000 --PC:/Programme/Vitess_2_5/FILES/REFL_DIR --LC:/Programme/Vitess_2_5/FILES/REFL_DIR/vpipelog7 -l94 -R0 -h-0.1 -H0.1 -w-2 -W2 -S0 -t0.01 -c6 -T0 
| C:/Programme/Vitess_2_5/MODULES/monitor1.exe -k1 --Z1 --G1 --U1.0e-7 --B10000 --PC:/Programme/Vitess_2_5/FILES/REFL_DIR --LC:/Programme/Vitess_2_5/FILES/REFL_DIR/vpipelog8 -OC:/Programme/Vitess_2_5/FILES/REFL_DIR/lambda.dat -n100 -C0 -f1 -m0 -M10 -p1 -e0 
| C:/Programme/Vitess_2_5/MODULES/sample_reflectom.exe -O1 -RY -a-2 -Irefl_Si-50Au.dat -Prefl.ref --Z1 --G1 --U1.0e-7 --B10000 --PC:/Programme/Vitess_2_5/FILES/REFL_DIR --LC:/Programme/Vitess_2_5/FILES/REFL_DIR/vpipelog9 
| C:/Programme/Vitess_2_5/MODULES/frame.exe --Z1 --G1 --U1.0e-7 --B10000 --PC:/Programme/Vitess_2_5/FILES/REFL_DIR --LC:/Programme/Vitess_2_5/FILES/REFL_DIR/vpipelog10 -S1 -H0 -V0 -A90 -x0 -y0 -z0 -i0 -j0 -k0 
| C:/Programme/Vitess_2_5/MODULES/detector.exe --Z1 --G1 --U1.0e-7 --B10000 --PC:/Programme/Vitess_2_5/FILES/REFL_DIR --LC:/Programme/Vitess_2_5/FILES/REFL_DIR/vpipelog11 -Gcyl -h25 -w80 -t2 -e0.9 -T0 -P0 -D200 -c48 -r1 -A1 -M1 -g0 
| C:/Programme/Vitess_2_5/MODULES/monitor1.exe -k2 --Z1 --G1 --U1.0e-7 --B10000 --PC:/Programme/Vitess_2_5/FILES/REFL_DIR --LC:/Programme/Vitess_2_5/FILES/REFL_DIR/vpipelog12 -OC:/Programme/Vitess_2_5/FILES/REFL_DIR/time.dat -n120 -f1 -m0 -M120 -p1 -e0 
| C:/Programme/Vitess_2_5/MODULES/eval_elast.exe --Z1 --G1 --U1.0e-7 --B10000 --PC:/Programme/Vitess_2_5/FILES/REFL_DIR --LC:/Programme/Vitess_2_5/FILES/REFL_DIR/vpipelog13 -k2 -oC:/Programme/Vitess_2_5/FILES/REFL_DIR/eval_q.dat -n100 -m0 -M0.25 -p1 -w1 -l6600 -T0 -e41.53 -E92.24 --Fno_file
31.03.2004 17:37:12 simulation (ec4 fcc 56c ec0 1cc 5f8 f04 bb8 d2c df0 51c b4c de0 ) (3780 4044 1388 3776 460 1528 3844 3000 3372 3568 1308 2892 3552) is active
31.03.2004 17:37:20 ------------------------------
31.03.2004 17:37:20 
31.03.2004 17:37:20 
31.03.2004 17:37:20 VITESS version 2.5 module Source and Window 1.10
31.03.2004 17:37:20 
31.03.2004 17:37:20 > Simulation of long pulsed spallation source ESS <
31.03.2004 17:37:20 pulse length                 :   2.000 ms 
31.03.2004 17:37:20 pulse frequency              :  16.667 Hz 
31.03.2004 17:37:20 
31.03.2004 17:37:20 coupled moderator
31.03.2004 17:37:20 moderator temperature        : 325.000 K
31.03.2004 17:37:20 total neutron flux (in 2*pi) : 3.1165e+014 n/(cm²s) 
31.03.2004 17:37:20 moderator position           :(  0.000    0.000    0.000) cm 
31.03.2004 17:37:20 moderator size (W x H)       :  12.000 cm  x  12.000 cm 
31.03.2004 17:37:20 angle of opening used        :   4.200°    x   0.130°   
31.03.2004 17:37:20 time averaged neutron current: 1.1880e+012 n/s in 0.000166 str
31.03.2004 17:37:20 wavelength band used         :   0.100 Ang -  10.000 Ang
31.03.2004 17:37:20 time interval used           :   0.000 ms  -   4.700 ms 
31.03.2004 17:37:20 
31.03.2004 17:37:20 window (W x H)               :   6.000 cm  x  10.000 cm 
31.03.2004 17:37:20   in a distance of           :   6.000 m   
31.03.2004 17:37:20   with a declination of      :   0.000°    
31.03.2004 17:37:20 polarization                 :   0.000 %  X: 1.000 Y: 0.000 Z: 0.000
31.03.2004 17:37:20 
31.03.2004 17:37:20 Gravity is enabled 
31.03.2004 17:37:20 Cutoff probability for one trajectory 1.000e-007 
31.03.2004 17:37:20 Center of beam at window     :(600.000   -0.149   -0.021) cm 
31.03.2004 17:37:20 Average TOF                  :   3.236 ms 
31.03.2004 17:37:20 
31.03.2004 17:37:20 number of trajectories started     :        1000000
31.03.2004 17:37:20  1 number of trajectories read         :          0
31.03.2004 17:37:20    number of trajectories written      :     113290
31.03.2004 17:37:20 (time averaged) neutron count rate     : 1.4449e+011 n/s 
31.03.2004 17:37:20 ------------------------------
31.03.2004 17:37:20 
31.03.2004 17:37:20 
31.03.2004 17:37:20 VITESS version 2.5 module Space and Chopper 1.8
31.03.2004 17:37:20 Absorption of Gd in chopper disk assumed
31.03.2004 17:37:20 Radius of chopper           :   31.00         cm
31.03.2004 17:37:20 Center of chopper axle (Z,Y): (-25.00, +0.00) cm
31.03.2004 17:37:20 Chopper open at t=0 (without offset) for a window at 0.0   deg
31.03.2004 17:37:20 Window 1:
31.03.2004 17:37:20   Position :   0.00 deg
31.03.2004 17:37:20   Aperture :  45.00 deg
31.03.2004 17:37:20   Height   :  15.00 cm
31.03.2004 17:37:20 Center of beam before the chopper: X = 0.000000 cm Y = -0.037836 cm Z = -0.014644 cm TOF = 3.247574 ms 
31.03.2004 17:37:20  
31.03.2004 17:37:20  2 number of trajectories read         :     113290
31.03.2004 17:37:20    number of trajectories written      :      62773
31.03.2004 17:37:20 (time averaged) neutron count rate     : 7.4100e+010 n/s 
31.03.2004 17:37:20 ------------------------------
31.03.2004 17:37:20 
31.03.2004 17:37:20 
31.03.2004 17:37:20 VITESS version 2.5 module guide 2.10
31.03.2004 17:37:20 Horizontal: curved, radius: 1000.000 m
31.03.2004 17:37:20 Vertical  : constant height
31.03.2004 17:37:20 Guide consists of 27 piece(s) with 3 channels
31.03.2004 17:37:20 Total length of guide   :   27.000 m
31.03.2004 17:37:20 Width x Height          :    6.000 x  10.000 cm²
31.03.2004 17:37:20 Inside guide abutment loss is enabled 
31.03.2004 17:37:20 The walls have no waviness 
31.03.2004 17:37:20  
31.03.2004 17:37:20  3 number of trajectories read         :      62773
31.03.2004 17:37:20    number of trajectories written      :      33075
31.03.2004 17:37:20 (time averaged) neutron count rate     : 1.6901e+010 n/s 
31.03.2004 17:37:20 ------------------------------
31.03.2004 17:37:20 
31.03.2004 17:37:20 
31.03.2004 17:37:20 VITESS version 2.5 module Space and Chopper 1.8
31.03.2004 17:37:20 Absorption of Gd in chopper disk assumed
31.03.2004 17:37:20 Radius of chopper           :   31.00         cm
31.03.2004 17:37:20 Center of chopper axle (Z,Y): (-25.00, +0.00) cm
31.03.2004 17:37:20 Chopper open at t=0 (without offset) for a window at 0.0   deg
31.03.2004 17:37:20 Window 1:
31.03.2004 17:37:20   Position :   0.00 deg
31.03.2004 17:37:20   Aperture : 180.00 deg
31.03.2004 17:37:20   Height   :  15.00 cm
31.03.2004 17:37:20 Center of beam before the chopper: X = 0.000000 cm Y = -0.566847 cm Z = -0.117866 cm TOF = 21.045711 ms 
31.03.2004 17:37:20  
31.03.2004 17:37:20  4 number of trajectories read         :      33075
31.03.2004 17:37:20    number of trajectories written      :      27653
31.03.2004 17:37:20 (time averaged) neutron count rate     : 8.0276e+009 n/s 
31.03.2004 17:37:20 ------------------------------
31.03.2004 17:37:20 
31.03.2004 17:37:20 
31.03.2004 17:37:20 VITESS version 2.5 module guide 2.10
31.03.2004 17:37:20 Horizontal: constant width
31.03.2004 17:37:20 Vertical  : constant height
31.03.2004 17:37:20 Guide consists of 1 piece(s)
31.03.2004 17:37:20 Total length of guide   :   29.740 m
31.03.2004 17:37:20 Width x Height          :    6.000 x  10.000 cm²
31.03.2004 17:37:20 Inside guide abutment loss is enabled 
31.03.2004 17:37:20 The walls have a waviness of 5.000e-003° 
31.03.2004 17:37:20  
31.03.2004 17:37:20  5 number of trajectories read         :      27653
31.03.2004 17:37:20    number of trajectories written      :      24954
31.03.2004 17:37:20 (time averaged) neutron count rate     : 6.7582e+009 n/s 
31.03.2004 17:37:20 ------------------------------
31.03.2004 17:37:20 
31.03.2004 17:37:20 
31.03.2004 17:37:20 VITESS version 2.5 module Space and Window 2.10
31.03.2004 17:37:20 OUTER MATERIAL OF COLLIMATOR: IDEAL ABSORBER 
31.03.2004 17:37:20 Thickness of outer material of collimator 0.010000 cm 
31.03.2004 17:37:20 Gravity is enabled 
31.03.2004 17:37:20 Distance between plane x=0 and window plane  0.000000 cm 
31.03.2004 17:37:20 Center of beam: X = 0.000000 cm Y = 0.039794 cm Z = -0.575758 cm TOF = 49.842717 ms  
31.03.2004 17:37:20  
31.03.2004 17:37:20  6 number of trajectories read         :      24954
31.03.2004 17:37:20    number of trajectories written      :        269
31.03.2004 17:37:20 (time averaged) neutron count rate     : 7.4471e+007 n/s 
31.03.2004 17:37:20 ------------------------------
31.03.2004 17:37:20 
31.03.2004 17:37:20 
31.03.2004 17:37:20 VITESS version 2.5 module Space and Window 2.10
31.03.2004 17:37:20 OUTER MATERIAL OF COLLIMATOR: IDEAL ABSORBER 
31.03.2004 17:37:20 Thickness of outer material of collimator 0.010000 cm 
31.03.2004 17:37:20 Gravity is enabled 
31.03.2004 17:37:20 Distance between plane x=0 and window plane  94.000000 cm 
31.03.2004 17:37:20 Center of beam: X = 94.000000 cm Y = -0.258119 cm Z = -0.021433 cm TOF = 50.489974 ms  
31.03.2004 17:37:20  
31.03.2004 17:37:20  7 number of trajectories read         :        269
31.03.2004 17:37:20    number of trajectories written      :        182
31.03.2004 17:37:20 (time averaged) neutron count rate     : 5.4846e+007 n/s 
31.03.2004 17:37:20 ------------------------------
31.03.2004 17:37:20 
31.03.2004 17:37:20 
31.03.2004 17:37:20 VITESS version 2.5 module monitor1 1.4
31.03.2004 17:37:20 Norm:  0.100000
31.03.2004 17:37:20  8 number of trajectories read         :        182
31.03.2004 17:37:20    number of trajectories written      :        182
31.03.2004 17:37:20 (time averaged) neutron count rate     : 5.4846e+007 n/s 
31.03.2004 17:37:20 ------------------------------
31.03.2004 17:37:20 
31.03.2004 17:37:20 
31.03.2004 17:37:20 VITESS version 2.5 module sample_reflectom 2.4
31.03.2004 17:37:20 initialised option: 	'sample'
31.03.2004 17:37:20 data from parameter file: 'refl.ref'
31.03.2004 17:37:20   main position X, Y, Z    =   32.0000,    0.0000,    0.0000
31.03.2004 17:37:20   thickness, width, height =    0.0000,    5.0000,    9.0000
31.03.2004 17:37:20   angle                    =   -2.0000 around Y-Axis 
31.03.2004 17:37:20 user defined frame:
31.03.2004 17:37:20   horizontal angle =    0.0000
31.03.2004 17:37:20   vertical angle   =    0.0000
31.03.2004 17:37:20   X',Y',Z'         =   32.0000,    0.0000,    0.0000
31.03.2004 17:37:20 
31.03.2004 17:37:20 Error: for 10 trajectories the calculated Q-value is higher (or smaller) than all values in the file .
31.03.2004 17:37:20 First trajectory has ID AA0144842.
31.03.2004 17:37:20  
31.03.2004 17:37:20  9 number of trajectories read         :        182
31.03.2004 17:37:20    number of trajectories written      :        169
31.03.2004 17:37:20 (time averaged) neutron count rate     : 7.6800e+002 n/s 
31.03.2004 17:37:20 ------------------------------
31.03.2004 17:37:20 
31.03.2004 17:37:20 
31.03.2004 17:37:20 VITESS version 2.5 module frame 1.2
31.03.2004 17:37:20 	sequence		R T M
31.03.2004 17:37:20 	angle around  Z, Y, X	0.000000  0.000000  90.000000
31.03.2004 17:37:20 	translate        x, y, z	0.000000  0.000000  0.000000
31.03.2004 17:37:20 	mirror	     YZ,ZX,XY	0 0 0
31.03.2004 17:37:20 
31.03.2004 17:37:20 Euler frame rotations: Positive rotation of frame means rotation of one positive 
31.03.2004 17:37:20 axis towards a higher index positive axis : +X->+Y, +Y->+Z, +X->+Z 
31.03.2004 17:37:20 
31.03.2004 17:37:20 10 number of trajectories read         :        169
31.03.2004 17:37:20    number of trajectories written      :        169
31.03.2004 17:37:20 (time averaged) neutron count rate     : 7.6800e+002 n/s 
31.03.2004 17:37:20 ------------------------------
31.03.2004 17:37:20 
31.03.2004 17:37:20 
31.03.2004 17:37:20 VITESS version 2.5 module detector 1.4
31.03.2004 17:37:20  
31.03.2004 17:37:20 11 number of trajectories read         :        169
31.03.2004 17:37:20    number of trajectories written      :        169
31.03.2004 17:37:20 (time averaged) neutron count rate     : 7.6800e+002 n/s 
31.03.2004 17:37:20 ------------------------------
31.03.2004 17:37:20 
31.03.2004 17:37:20 
31.03.2004 17:37:20 VITESS version 2.5 module monitor1 1.4
31.03.2004 17:37:20 Norm:  1.000000
31.03.2004 17:37:20 12 number of trajectories read         :        169
31.03.2004 17:37:20    number of trajectories written      :        169
31.03.2004 17:37:20 (time averaged) neutron count rate     : 7.6800e+002 n/s 
31.03.2004 17:37:20 ------------------------------
31.03.2004 17:37:20 
31.03.2004 17:37:20 
31.03.2004 17:37:20 VITESS version 2.5 module eval_elast 1.6b
31.03.2004 17:37:20 Option: momentum transfer Q
31.03.2004 17:37:20 total neutron count rate within binning: 6.9817e+002 n/s 
31.03.2004 17:37:20 
31.03.2004 17:37:20 13 number of trajectories read         :        169
31.03.2004 17:37:20    number of trajectories written      :        169
31.03.2004 17:37:20 (time averaged) neutron count rate     : 7.6800e+002 n/s 
31.03.2004 17:37:20 ------------------------------
31.03.2004 17:38:19 Parameter directory is C:/Programme/Vitess_2_5/FILES/REFL_DIR
Starting simulation
C:/Programme/Vitess_2_5/MODULES/source.exe -S3 --Z1 --G1 --U1.0e-7 --B10000 --PC:/Programme/Vitess_2_5/FILES/REFL_DIR --LC:/Programme/Vitess_2_5/FILES/REFL_DIR/vpipelog1 -NESS -R16.667 -p2.0 -aC:/Programme/Vitess_2_5/FILES/REFL_DIR/EssLPTherm.mod -n1000000 -m0.1 -t0.0 -y2.1 -M10 -T4.7 -z0.065 -d0 -P0 -X1 -Y0 -V0 -D600 -w100 -h100 -i0 -k0 
| C:/Programme/Vitess_2_5/MODULES/chopper_disc.exe --Z1 --G1 --U1.0e-7 --B10000 --PC:/Programme/Vitess_2_5/FILES/REFL_DIR --LC:/Programme/Vitess_2_5/FILES/REFL_DIR/vpipelog2 -s1000 -o-43.9 -g1 -z0 -p1 -c0 -CC:/Programme/Vitess_2_5/FILES/REFL_DIR/chop_045.dat -l0 
| C:/Programme/Vitess_2_5/MODULES/guide.exe --Z1 --G1 --U1.0e-7 --B10000 --PC:/Programme/Vitess_2_5/FILES/REFL_DIR --LC:/Programme/Vitess_2_5/FILES/REFL_DIR/vpipelog3 -Y2 -Z0 -w6 -h10 -W6 -H10 -p100 -N27 -R1000 -iC:/Programme/Vitess_2_5/FILES/REFL_DIR/mirr1b.dat -IC:/Programme/Vitess_2_5/FILES/REFL_DIR/mirr2linear.dat -jC:/Programme/Vitess_2_5/FILES/REFL_DIR/mirr1b.dat -JC:/Programme/Vitess_2_5/FILES/REFL_DIR/mirr1b.dat -b3 -s0.05 -r0.0 -a1 
| C:/Programme/Vitess_2_5/MODULES/chopper_disc.exe --Z1 --G1 --U1.0e-7 --B10000 --PC:/Programme/Vitess_2_5/FILES/REFL_DIR --LC:/Programme/Vitess_2_5/FILES/REFL_DIR/vpipelog4 -s1000 -o152.3 -g1 -z0 -p1 -c0 -CC:/Programme/Vitess_2_5/FILES/REFL_DIR/chop_180.dat -l0 
| C:/Programme/Vitess_2_5/MODULES/guide.exe --Z1 --G1 --U1.0e-7 --B10000 --PC:/Programme/Vitess_2_5/FILES/REFL_DIR --LC:/Programme/Vitess_2_5/FILES/REFL_DIR/vpipelog5 -Y0 -Z0 -w6 -h10 -W6 -H10 -p2974 -N1 -R0 -iC:/Programme/Vitess_2_5/FILES/REFL_DIR/mirr1b.dat -IC:/Programme/Vitess_2_5/FILES/REFL_DIR/mirr1b.dat -jC:/Programme/Vitess_2_5/FILES/REFL_DIR/mirr1b.dat -JC:/Programme/Vitess_2_5/FILES/REFL_DIR/mirr1b.dat -r0.005 -y10 -z10 -a1 
| C:/Programme/Vitess_2_5/MODULES/spacewindow.exe --Z1 --G1 --U1.0e-7 --B10000 --PC:/Programme/Vitess_2_5/FILES/REFL_DIR --LC:/Programme/Vitess_2_5/FILES/REFL_DIR/vpipelog6 -l0 -R0 -h-0.1 -H0.1 -w-2 -W2 -S0 -t0.01 -c6 -T0 
| C:/Programme/Vitess_2_5/MODULES/spacewindow.exe --Z1 --G1 --U1.0e-7 --B10000 --PC:/Programme/Vitess_2_5/FILES/REFL_DIR --LC:/Programme/Vitess_2_5/FILES/REFL_DIR/vpipelog7 -l94 -R0 -h-0.1 -H0.1 -w-2 -W2 -S0 -t0.01 -c6 -T0 
| C:/Programme/Vitess_2_5/MODULES/monitor1.exe -k1 --Z1 --G1 --U1.0e-7 --B10000 --PC:/Programme/Vitess_2_5/FILES/REFL_DIR --LC:/Programme/Vitess_2_5/FILES/REFL_DIR/vpipelog8 -OC:/Programme/Vitess_2_5/FILES/REFL_DIR/lambda.dat -n100 -C0 -f1 -m0 -M10 -p1 -e0 
| C:/Programme/Vitess_2_5/MODULES/sample_reflectom.exe -O1 -RY -a-2 -Irefl_Si-50Au.dat -Prefl.ref --Z1 --G1 --U1.0e-7 --B10000 --PC:/Programme/Vitess_2_5/FILES/REFL_DIR --LC:/Programme/Vitess_2_5/FILES/REFL_DIR/vpipelog9 
| C:/Programme/Vitess_2_5/MODULES/frame.exe --Z1 --G1 --U1.0e-7 --B10000 --PC:/Programme/Vitess_2_5/FILES/REFL_DIR --LC:/Programme/Vitess_2_5/FILES/REFL_DIR/vpipelog10 -S1 -H0 -V0 -A90 -x0 -y0 -z0 -i0 -j0 -k0 
| C:/Programme/Vitess_2_5/MODULES/detector.exe --Z1 --G1 --U1.0e-7 --B10000 --PC:/Programme/Vitess_2_5/FILES/REFL_DIR --LC:/Programme/Vitess_2_5/FILES/REFL_DIR/vpipelog11 -Gcyl -h25 -w80 -t2 -e0.9 -T0 -P0 -D200 -c48 -r1 -A1 -M1 -g0 
| C:/Programme/Vitess_2_5/MODULES/monitor1.exe -k2 --Z1 --G1 --U1.0e-7 --B10000 --PC:/Programme/Vitess_2_5/FILES/REFL_DIR --LC:/Programme/Vitess_2_5/FILES/REFL_DIR/vpipelog12 -OC:/Programme/Vitess_2_5/FILES/REFL_DIR/time.dat -n120 -f1 -m0 -M120 -p1 -e0 
| C:/Programme/Vitess_2_5/MODULES/eval_elast.exe --Z1 --G1 --U1.0e-7 --B10000 --PC:/Programme/Vitess_2_5/FILES/REFL_DIR --LC:/Programme/Vitess_2_5/FILES/REFL_DIR/vpipelog13 -k2 -oC:/Programme/Vitess_2_5/FILES/REFL_DIR/eval_q.dat -n100 -m0 -M0.25 -p1 -w1 -l6600 -T0 -e41.53 -E92.24 --Fno_file
31.03.2004 17:38:20 simulation (e80 874 830 770 104 97c 310 6d0 89c 5e8 b64 eb0 388 ) (3712 2164 2096 1904 260 2428 784 1744 2204 1512 2916 3760 904) is active
31.03.2004 17:38:29 ------------------------------
31.03.2004 17:38:29 
31.03.2004 17:38:29 
31.03.2004 17:38:29 VITESS version 2.5 module Source and Window 1.10
31.03.2004 17:38:29 
31.03.2004 17:38:29 > Simulation of long pulsed spallation source ESS <
31.03.2004 17:38:29 pulse length                 :   2.000 ms 
31.03.2004 17:38:29 pulse frequency              :  16.667 Hz 
31.03.2004 17:38:29 
31.03.2004 17:38:29 coupled moderator
31.03.2004 17:38:29 moderator temperature        : 325.000 K
31.03.2004 17:38:29 total neutron flux (in 2*pi) : 3.1165e+014 n/(cm²s) 
31.03.2004 17:38:29 moderator position           :(  0.000    0.000    0.000) cm 
31.03.2004 17:38:29 moderator size (W x H)       :  12.000 cm  x  12.000 cm 
31.03.2004 17:38:29 angle of opening used        :   4.200°    x   0.130°   
31.03.2004 17:38:29 time averaged neutron current: 1.1880e+012 n/s in 0.000166 str
31.03.2004 17:38:29 wavelength band used         :   0.100 Ang -  10.000 Ang
31.03.2004 17:38:29 time interval used           :   0.000 ms  -   4.700 ms 
31.03.2004 17:38:29 
31.03.2004 17:38:29 window (W x H)               : 100.000 cm  x 100.000 cm 
31.03.2004 17:38:29   in a distance of           :   6.000 m   
31.03.2004 17:38:29   with a declination of      :   0.000°    
31.03.2004 17:38:29 polarization                 :   0.000 %  X: 1.000 Y: 0.000 Z: 0.000
31.03.2004 17:38:29 
31.03.2004 17:38:29 Gravity is enabled 
31.03.2004 17:38:29 Cutoff probability for one trajectory 1.000e-007 
31.03.2004 17:38:29 Center of beam at window     :(600.000   -0.149   -0.021) cm 
31.03.2004 17:38:29 Average TOF                  :   3.236 ms 
31.03.2004 17:38:29 
31.03.2004 17:38:29 number of trajectories started     :        1000000
31.03.2004 17:38:29  1 number of trajectories read         :          0
31.03.2004 17:38:29    number of trajectories written      :    1000000
31.03.2004 17:38:29 (time averaged) neutron count rate     : 1.2865e+012 n/s 
31.03.2004 17:38:29 ------------------------------
31.03.2004 17:38:29 
31.03.2004 17:38:29 
31.03.2004 17:38:29 VITESS version 2.5 module Space and Chopper 1.8
31.03.2004 17:38:29 Absorption of Gd in chopper disk assumed
31.03.2004 17:38:29 Radius of chopper           :   31.00         cm
31.03.2004 17:38:29 Center of chopper axle (Z,Y): (-25.00, +0.00) cm
31.03.2004 17:38:29 Chopper open at t=0 (without offset) for a window at 0.0   deg
31.03.2004 17:38:29 Window 1:
31.03.2004 17:38:29   Position :   0.00 deg
31.03.2004 17:38:29   Aperture :  45.00 deg
31.03.2004 17:38:29   Height   :  15.00 cm
31.03.2004 17:38:29 Center of beam before the chopper: X = 0.000000 cm Y = -0.149296 cm Z = -0.020711 cm TOF = 3.236396 ms 
31.03.2004 17:38:29 
31.03.2004 17:38:29 Error: 256356 trajectories passed outside the chopper.
31.03.2004 17:38:29 First trajectory has ID AA0000001.
31.03.2004 17:38:29  
31.03.2004 17:38:29  2 number of trajectories read         :    1000000
31.03.2004 17:38:29    number of trajectories written      :     618341
31.03.2004 17:38:29 (time averaged) neutron count rate     : 8.4909e+011 n/s 
31.03.2004 17:38:29 ------------------------------
31.03.2004 17:38:29 
31.03.2004 17:38:29 
31.03.2004 17:38:29 VITESS version 2.5 module guide 2.10
31.03.2004 17:38:29 Horizontal: curved, radius: 1000.000 m
31.03.2004 17:38:29 Vertical  : constant height
31.03.2004 17:38:29 Guide consists of 27 piece(s) with 3 channels
31.03.2004 17:38:29 Total length of guide   :   27.000 m
31.03.2004 17:38:29 Width x Height          :    6.000 x  10.000 cm²
31.03.2004 17:38:29 Inside guide abutment loss is enabled 
31.03.2004 17:38:29 The walls have no waviness 
31.03.2004 17:38:29  
31.03.2004 17:38:29  3 number of trajectories read         :     618341
31.03.2004 17:38:29    number of trajectories written      :      33075
31.03.2004 17:38:29 (time averaged) neutron count rate     : 1.6901e+010 n/s 
31.03.2004 17:38:29 ------------------------------
31.03.2004 17:38:29 
31.03.2004 17:38:29 
31.03.2004 17:38:29 VITESS version 2.5 module Space and Chopper 1.8
31.03.2004 17:38:29 Absorption of Gd in chopper disk assumed
31.03.2004 17:38:29 Radius of chopper           :   31.00         cm
31.03.2004 17:38:29 Center of chopper axle (Z,Y): (-25.00, +0.00) cm
31.03.2004 17:38:29 Chopper open at t=0 (without offset) for a window at 0.0   deg
31.03.2004 17:38:29 Window 1:
31.03.2004 17:38:29   Position :   0.00 deg
31.03.2004 17:38:29   Aperture : 180.00 deg
31.03.2004 17:38:29   Height   :  15.00 cm
31.03.2004 17:38:29 Center of beam before the chopper: X = 0.000000 cm Y = -0.566847 cm Z = -0.117866 cm TOF = 21.045711 ms 
31.03.2004 17:38:29  
31.03.2004 17:38:29  4 number of trajectories read         :      33075
31.03.2004 17:38:29    number of trajectories written      :      27653
31.03.2004 17:38:29 (time averaged) neutron count rate     : 8.0276e+009 n/s 
31.03.2004 17:38:29 ------------------------------
31.03.2004 17:38:29 
31.03.2004 17:38:29 
31.03.2004 17:38:29 VITESS version 2.5 module guide 2.10
31.03.2004 17:38:29 Horizontal: constant width
31.03.2004 17:38:29 Vertical  : constant height
31.03.2004 17:38:29 Guide consists of 1 piece(s)
31.03.2004 17:38:29 Total length of guide   :   29.740 m
31.03.2004 17:38:29 Width x Height          :    6.000 x  10.000 cm²
31.03.2004 17:38:29 Inside guide abutment loss is enabled 
31.03.2004 17:38:29 The walls have a waviness of 5.000e-003° 
31.03.2004 17:38:29  
31.03.2004 17:38:29  5 number of trajectories read         :      27653
31.03.2004 17:38:29    number of trajectories written      :      24954
31.03.2004 17:38:29 (time averaged) neutron count rate     : 6.7582e+009 n/s 
31.03.2004 17:38:29 ------------------------------
31.03.2004 17:38:29 
31.03.2004 17:38:29 
31.03.2004 17:38:29 VITESS version 2.5 module Space and Window 2.10
31.03.2004 17:38:29 OUTER MATERIAL OF COLLIMATOR: IDEAL ABSORBER 
31.03.2004 17:38:29 Thickness of outer material of collimator 0.010000 cm 
31.03.2004 17:38:29 Gravity is enabled 
31.03.2004 17:38:29 Distance between plane x=0 and window plane  0.000000 cm 
31.03.2004 17:38:29 Center of beam: X = 0.000000 cm Y = 0.039794 cm Z = -0.575758 cm TOF = 49.842717 ms  
31.03.2004 17:38:29  
31.03.2004 17:38:29  6 number of trajectories read         :      24954
31.03.2004 17:38:29    number of trajectories written      :        269
31.03.2004 17:38:29 (time averaged) neutron count rate     : 7.4471e+007 n/s 
31.03.2004 17:38:29 ------------------------------
31.03.2004 17:38:29 
31.03.2004 17:38:29 
31.03.2004 17:38:29 VITESS version 2.5 module Space and Window 2.10
31.03.2004 17:38:29 OUTER MATERIAL OF COLLIMATOR: IDEAL ABSORBER 
31.03.2004 17:38:29 Thickness of outer material of collimator 0.010000 cm 
31.03.2004 17:38:29 Gravity is enabled 
31.03.2004 17:38:29 Distance between plane x=0 and window plane  94.000000 cm 
31.03.2004 17:38:29 Center of beam: X = 94.000000 cm Y = -0.258119 cm Z = -0.021433 cm TOF = 50.489974 ms  
31.03.2004 17:38:29  
31.03.2004 17:38:29  7 number of trajectories read         :        269
31.03.2004 17:38:29    number of trajectories written      :        182
31.03.2004 17:38:29 (time averaged) neutron count rate     : 5.4846e+007 n/s 
31.03.2004 17:38:29 ------------------------------
31.03.2004 17:38:29 
31.03.2004 17:38:29 
31.03.2004 17:38:29 VITESS version 2.5 module monitor1 1.4
31.03.2004 17:38:29 Norm:  0.100000
31.03.2004 17:38:29  8 number of trajectories read         :        182
31.03.2004 17:38:29    number of trajectories written      :        182
31.03.2004 17:38:29 (time averaged) neutron count rate     : 5.4846e+007 n/s 
31.03.2004 17:38:29 ------------------------------
31.03.2004 17:38:29 
31.03.2004 17:38:29 
31.03.2004 17:38:29 VITESS version 2.5 module sample_reflectom 2.4
31.03.2004 17:38:29 initialised option: 	'sample'
31.03.2004 17:38:29 data from parameter file: 'refl.ref'
31.03.2004 17:38:29   main position X, Y, Z    =   32.0000,    0.0000,    0.0000
31.03.2004 17:38:29   thickness, width, height =    0.0000,    5.0000,    9.0000
31.03.2004 17:38:29   angle                    =   -2.0000 around Y-Axis 
31.03.2004 17:38:29 user defined frame:
31.03.2004 17:38:29   horizontal angle =    0.0000
31.03.2004 17:38:29   vertical angle   =    0.0000
31.03.2004 17:38:29   X',Y',Z'         =   32.0000,    0.0000,    0.0000
31.03.2004 17:38:29 
31.03.2004 17:38:29 Error: for 10 trajectories the calculated Q-value is higher (or smaller) than all values in the file .
31.03.2004 17:38:29 First trajectory has ID AA0144842.
31.03.2004 17:38:29  
31.03.2004 17:38:29  9 number of trajectories read         :        182
31.03.2004 17:38:29    number of trajectories written      :        169
31.03.2004 17:38:29 (time averaged) neutron count rate     : 7.6800e+002 n/s 
31.03.2004 17:38:29 ------------------------------
31.03.2004 17:38:29 
31.03.2004 17:38:29 
31.03.2004 17:38:29 VITESS version 2.5 module frame 1.2
31.03.2004 17:38:29 	sequence		R T M
31.03.2004 17:38:29 	angle around  Z, Y, X	0.000000  0.000000  90.000000
31.03.2004 17:38:29 	translate        x, y, z	0.000000  0.000000  0.000000
31.03.2004 17:38:29 	mirror	     YZ,ZX,XY	0 0 0
31.03.2004 17:38:29 
31.03.2004 17:38:29 Euler frame rotations: Positive rotation of frame means rotation of one positive 
31.03.2004 17:38:29 axis towards a higher index positive axis : +X->+Y, +Y->+Z, +X->+Z 
31.03.2004 17:38:29 
31.03.2004 17:38:29 10 number of trajectories read         :        169
31.03.2004 17:38:29    number of trajectories written      :        169
31.03.2004 17:38:29 (time averaged) neutron count rate     : 7.6800e+002 n/s 
31.03.2004 17:38:29 ------------------------------
31.03.2004 17:38:29 
31.03.2004 17:38:29 
31.03.2004 17:38:29 VITESS version 2.5 module detector 1.4
31.03.2004 17:38:29  
31.03.2004 17:38:29 11 number of trajectories read         :        169
31.03.2004 17:38:29    number of trajectories written      :        169
31.03.2004 17:38:29 (time averaged) neutron count rate     : 7.6800e+002 n/s 
31.03.2004 17:38:29 ------------------------------
31.03.2004 17:38:29 
31.03.2004 17:38:29 
31.03.2004 17:38:29 VITESS version 2.5 module monitor1 1.4
31.03.2004 17:38:29 Norm:  1.000000
31.03.2004 17:38:29 12 number of trajectories read         :        169
31.03.2004 17:38:29    number of trajectories written      :        169
31.03.2004 17:38:29 (time averaged) neutron count rate     : 7.6800e+002 n/s 
31.03.2004 17:38:29 ------------------------------
31.03.2004 17:38:29 
31.03.2004 17:38:29 
31.03.2004 17:38:29 VITESS version 2.5 module eval_elast 1.6b
31.03.2004 17:38:29 Option: momentum transfer Q
31.03.2004 17:38:29 total neutron count rate within binning: 6.9817e+002 n/s 
31.03.2004 17:38:29 
31.03.2004 17:38:29 13 number of trajectories read         :        169
31.03.2004 17:38:29    number of trajectories written      :        169
31.03.2004 17:38:29 (time averaged) neutron count rate     : 7.6800e+002 n/s 
31.03.2004 17:38:29 ------------------------------
31.03.2004 17:39:00 Parameter directory is C:/Programme/Vitess_2_5/FILES/REFL_DIR
Starting simulation
C:/Programme/Vitess_2_5/MODULES/source.exe -S3 --Z1 --G1 --U1.0e-7 --B10000 --PC:/Programme/Vitess_2_5/FILES/REFL_DIR --LC:/Programme/Vitess_2_5/FILES/REFL_DIR/vpipelog1 -NESS -R16.667 -p2.0 -aC:/Programme/Vitess_2_5/FILES/REFL_DIR/EssLPMs.mod -n1000000 -m0.1 -t0.0 -y2.1 -M10 -T4.7 -z0.065 -d0 -P0 -X1 -Y0 -V0 -D600 -w100 -h100 -i0 -k0 
| C:/Programme/Vitess_2_5/MODULES/chopper_disc.exe --Z1 --G1 --U1.0e-7 --B10000 --PC:/Programme/Vitess_2_5/FILES/REFL_DIR --LC:/Programme/Vitess_2_5/FILES/REFL_DIR/vpipelog2 -s1000 -o-43.9 -g1 -z0 -p1 -c0 -CC:/Programme/Vitess_2_5/FILES/REFL_DIR/chop_045.dat -l0 
| C:/Programme/Vitess_2_5/MODULES/guide.exe --Z1 --G1 --U1.0e-7 --B10000 --PC:/Programme/Vitess_2_5/FILES/REFL_DIR --LC:/Programme/Vitess_2_5/FILES/REFL_DIR/vpipelog3 -Y2 -Z0 -w6 -h10 -W6 -H10 -p100 -N27 -R1000 -iC:/Programme/Vitess_2_5/FILES/REFL_DIR/mirr1b.dat -IC:/Programme/Vitess_2_5/FILES/REFL_DIR/mirr2linear.dat -jC:/Programme/Vitess_2_5/FILES/REFL_DIR/mirr1b.dat -JC:/Programme/Vitess_2_5/FILES/REFL_DIR/mirr1b.dat -b3 -s0.05 -r0.0 -a1 
| C:/Programme/Vitess_2_5/MODULES/chopper_disc.exe --Z1 --G1 --U1.0e-7 --B10000 --PC:/Programme/Vitess_2_5/FILES/REFL_DIR --LC:/Programme/Vitess_2_5/FILES/REFL_DIR/vpipelog4 -s1000 -o152.3 -g1 -z0 -p1 -c0 -CC:/Programme/Vitess_2_5/FILES/REFL_DIR/chop_180.dat -l0 
| C:/Programme/Vitess_2_5/MODULES/guide.exe --Z1 --G1 --U1.0e-7 --B10000 --PC:/Programme/Vitess_2_5/FILES/REFL_DIR --LC:/Programme/Vitess_2_5/FILES/REFL_DIR/vpipelog5 -Y0 -Z0 -w6 -h10 -W6 -H10 -p2974 -N1 -R0 -iC:/Programme/Vitess_2_5/FILES/REFL_DIR/mirr1b.dat -IC:/Programme/Vitess_2_5/FILES/REFL_DIR/mirr1b.dat -jC:/Programme/Vitess_2_5/FILES/REFL_DIR/mirr1b.dat -JC:/Programme/Vitess_2_5/FILES/REFL_DIR/mirr1b.dat -r0.005 -y10 -z10 -a1 
| C:/Programme/Vitess_2_5/MODULES/spacewindow.exe --Z1 --G1 --U1.0e-7 --B10000 --PC:/Programme/Vitess_2_5/FILES/REFL_DIR --LC:/Programme/Vitess_2_5/FILES/REFL_DIR/vpipelog6 -l0 -R0 -h-0.1 -H0.1 -w-2 -W2 -S0 -t0.01 -c6 -T0 
| C:/Programme/Vitess_2_5/MODULES/spacewindow.exe --Z1 --G1 --U1.0e-7 --B10000 --PC:/Programme/Vitess_2_5/FILES/REFL_DIR --LC:/Programme/Vitess_2_5/FILES/REFL_DIR/vpipelog7 -l94 -R0 -h-0.1 -H0.1 -w-2 -W2 -S0 -t0.01 -c6 -T0 
| C:/Programme/Vitess_2_5/MODULES/monitor1.exe -k1 --Z1 --G1 --U1.0e-7 --B10000 --PC:/Programme/Vitess_2_5/FILES/REFL_DIR --LC:/Programme/Vitess_2_5/FILES/REFL_DIR/vpipelog8 -OC:/Programme/Vitess_2_5/FILES/REFL_DIR/lambda.dat -n100 -C0 -f1 -m0 -M10 -p1 -e0 
| C:/Programme/Vitess_2_5/MODULES/sample_reflectom.exe -O1 -RY -a-2 -Irefl_Si-50Au.dat -Prefl.ref --Z1 --G1 --U1.0e-7 --B10000 --PC:/Programme/Vitess_2_5/FILES/REFL_DIR --LC:/Programme/Vitess_2_5/FILES/REFL_DIR/vpipelog9 
| C:/Programme/Vitess_2_5/MODULES/frame.exe --Z1 --G1 --U1.0e-7 --B10000 --PC:/Programme/Vitess_2_5/FILES/REFL_DIR --LC:/Programme/Vitess_2_5/FILES/REFL_DIR/vpipelog10 -S1 -H0 -V0 -A90 -x0 -y0 -z0 -i0 -j0 -k0 
| C:/Programme/Vitess_2_5/MODULES/detector.exe --Z1 --G1 --U1.0e-7 --B10000 --PC:/Programme/Vitess_2_5/FILES/REFL_DIR --LC:/Programme/Vitess_2_5/FILES/REFL_DIR/vpipelog11 -Gcyl -h25 -w80 -t2 -e0.9 -T0 -P0 -D200 -c48 -r1 -A1 -M1 -g0 
| C:/Programme/Vitess_2_5/MODULES/monitor1.exe -k2 --Z1 --G1 --U1.0e-7 --B10000 --PC:/Programme/Vitess_2_5/FILES/REFL_DIR --LC:/Programme/Vitess_2_5/FILES/REFL_DIR/vpipelog12 -OC:/Programme/Vitess_2_5/FILES/REFL_DIR/time.dat -n120 -f1 -m0 -M120 -p1 -e0 
| C:/Programme/Vitess_2_5/MODULES/eval_elast.exe --Z1 --G1 --U1.0e-7 --B10000 --PC:/Programme/Vitess_2_5/FILES/REFL_DIR --LC:/Programme/Vitess_2_5/FILES/REFL_DIR/vpipelog13 -k2 -oC:/Programme/Vitess_2_5/FILES/REFL_DIR/eval_q.dat -n100 -m0 -M0.25 -p1 -w1 -l6600 -T0 -e41.53 -E92.24 --Fno_file
31.03.2004 17:39:00 simulation (f90 4f0 160 860 a4c 208 b34 b0 714 124 c24 d8c 498 ) (3984 1264 352 2144 2636 520 2868 176 1812 292 3108 3468 1176) is active
31.03.2004 17:39:09 ------------------------------
31.03.2004 17:39:09 
31.03.2004 17:39:09 
31.03.2004 17:39:09 VITESS version 2.5 module Source and Window 1.10
31.03.2004 17:39:09 
31.03.2004 17:39:09 > Simulation of long pulsed spallation source ESS <
31.03.2004 17:39:09 pulse length                 :   2.000 ms 
31.03.2004 17:39:09 pulse frequency              :  16.667 Hz 
31.03.2004 17:39:09 
31.03.2004 17:39:09 colour 1   spatial order 1
31.03.2004 17:39:09 coupled moderator
31.03.2004 17:39:09 moderator temperature        : 325.000 K
31.03.2004 17:39:09 total neutron flux (in 2*pi) : 3.1165e+014 n/(cm²s) 
31.03.2004 17:39:09 moderator position           :(  0.000   -5.500    0.000) cm 
31.03.2004 17:39:09 moderator size (W x H)       :  10.000 cm  x  12.000 cm 
31.03.2004 17:39:09 angle of opening used        :   4.200°    x   0.130°   
31.03.2004 17:39:09 time averaged neutron current: 9.8996e+011 n/s in 0.000166 str
31.03.2004 17:39:09 wavelength band used         :   0.100 Ang -  10.000 Ang
31.03.2004 17:39:09 time interval used           :   0.000 ms  -   4.700 ms 
31.03.2004 17:39:09 
31.03.2004 17:39:09 colour 2   spatial order 1
31.03.2004 17:39:09 coupled moderator
31.03.2004 17:39:09 moderator temperature        :  50.000 K
31.03.2004 17:39:09 total neutron flux (in 2*pi) : 1.0116e+014 n/(cm²s) 
31.03.2004 17:39:09 moderator position           :(  0.000    5.500    0.000) cm 
31.03.2004 17:39:09 moderator size (W x H)       :  10.000 cm  x  12.000 cm 
31.03.2004 17:39:09 angle of opening used        :   4.200°    x   0.130°   
31.03.2004 17:39:09 time averaged neutron current: 3.2134e+011 n/s in 0.000166 str
31.03.2004 17:39:09 wavelength band used         :   0.100 Ang -  10.000 Ang
31.03.2004 17:39:09 time interval used           :   0.000 ms  -   4.700 ms 
31.03.2004 17:39:09 
31.03.2004 17:39:09 window (W x H)               : 100.000 cm  x 100.000 cm 
31.03.2004 17:39:09   in a distance of           :   6.000 m   
31.03.2004 17:39:09   with a declination of      :   0.000°    
31.03.2004 17:39:09 polarization                 :   0.000 %  X: 1.000 Y: 0.000 Z: 0.000
31.03.2004 17:39:09 
31.03.2004 17:39:09 Gravity is enabled 
31.03.2004 17:39:09 Cutoff probability for one trajectory 1.000e-007 
31.03.2004 17:39:09 Center of beam at window     :(600.000   -2.228   -0.026) cm 
31.03.2004 17:39:09 Average TOF                  :   3.621 ms 
31.03.2004 17:39:09 
31.03.2004 17:39:09 number of trajectories started     :        1000000
31.03.2004 17:39:09  1 number of trajectories read         :          0
31.03.2004 17:39:09    number of trajectories written      :    1000000
31.03.2004 17:39:09 (time averaged) neutron count rate     : 1.5594e+012 n/s 
31.03.2004 17:39:09  count rate of colour 1                : 1.0785e+012 n/s 
31.03.2004 17:39:09  count rate of colour 2                : 4.8085e+011 n/s 
31.03.2004 17:39:09 ------------------------------
31.03.2004 17:39:09 
31.03.2004 17:39:09 
31.03.2004 17:39:09 VITESS version 2.5 module Space and Chopper 1.8
31.03.2004 17:39:09 Absorption of Gd in chopper disk assumed
31.03.2004 17:39:09 Radius of chopper           :   31.00         cm
31.03.2004 17:39:09 Center of chopper axle (Z,Y): (-25.00, +0.00) cm
31.03.2004 17:39:09 Chopper open at t=0 (without offset) for a window at 0.0   deg
31.03.2004 17:39:09 Window 1:
31.03.2004 17:39:09   Position :   0.00 deg
31.03.2004 17:39:09   Aperture :  45.00 deg
31.03.2004 17:39:09   Height   :  15.00 cm
31.03.2004 17:39:09 Center of beam before the chopper: X = 0.000000 cm Y = -2.227786 cm Z = -0.026019 cm TOF = 3.621394 ms 
31.03.2004 17:39:09 
31.03.2004 17:39:09 Error: 288786 trajectories passed outside the chopper.
31.03.2004 17:39:09 First trajectory has ID AA0000005.
31.03.2004 17:39:09  
31.03.2004 17:39:09  2 number of trajectories read         :    1000000
31.03.2004 17:39:09    number of trajectories written      :     621969
31.03.2004 17:39:09 (time averaged) neutron count rate     : 1.1118e+012 n/s 
31.03.2004 17:39:09  count rate of colour 1                : 7.5147e+011 n/s 
31.03.2004 17:39:09  count rate of colour 2                : 3.6028e+011 n/s 
31.03.2004 17:39:09 ------------------------------
31.03.2004 17:39:09 
31.03.2004 17:39:09 
31.03.2004 17:39:09 VITESS version 2.5 module guide 2.10
31.03.2004 17:39:09 Horizontal: curved, radius: 1000.000 m
31.03.2004 17:39:09 Vertical  : constant height
31.03.2004 17:39:09 Guide consists of 27 piece(s) with 3 channels
31.03.2004 17:39:09 Total length of guide   :   27.000 m
31.03.2004 17:39:09 Width x Height          :    6.000 x  10.000 cm²
31.03.2004 17:39:09 Inside guide abutment loss is enabled 
31.03.2004 17:39:09 The walls have no waviness 
31.03.2004 17:39:09  
31.03.2004 17:39:09  3 number of trajectories read         :     621969
31.03.2004 17:39:09    number of trajectories written      :      19679
31.03.2004 17:39:09 (time averaged) neutron count rate     : 1.8030e+010 n/s 
31.03.2004 17:39:09  count rate of colour 1                : 8.6291e+009 n/s 
31.03.2004 17:39:09  count rate of colour 2                : 9.4006e+009 n/s 
31.03.2004 17:39:09 ------------------------------
31.03.2004 17:39:09 
31.03.2004 17:39:09 
31.03.2004 17:39:09 VITESS version 2.5 module Space and Chopper 1.8
31.03.2004 17:39:09 Absorption of Gd in chopper disk assumed
31.03.2004 17:39:09 Radius of chopper           :   31.00         cm
31.03.2004 17:39:09 Center of chopper axle (Z,Y): (-25.00, +0.00) cm
31.03.2004 17:39:09 Chopper open at t=0 (without offset) for a window at 0.0   deg
31.03.2004 17:39:09 Window 1:
31.03.2004 17:39:09   Position :   0.00 deg
31.03.2004 17:39:09   Aperture : 180.00 deg
31.03.2004 17:39:09   Height   :  15.00 cm
31.03.2004 17:39:09 Center of beam before the chopper: X = 0.000000 cm Y = -0.372103 cm Z = -0.237742 cm TOF = 26.645023 ms 
31.03.2004 17:39:09  
31.03.2004 17:39:09  4 number of trajectories read         :      19679
31.03.2004 17:39:09    number of trajectories written      :      16160
31.03.2004 17:39:09 (time averaged) neutron count rate     : 1.2036e+010 n/s 
31.03.2004 17:39:09  count rate of colour 1                : 3.7170e+009 n/s 
31.03.2004 17:39:09  count rate of colour 2                : 8.3191e+009 n/s 
31.03.2004 17:39:09 ------------------------------
31.03.2004 17:39:09 
31.03.2004 17:39:09 
31.03.2004 17:39:09 VITESS version 2.5 module guide 2.10
31.03.2004 17:39:09 Horizontal: constant width
31.03.2004 17:39:09 Vertical  : constant height
31.03.2004 17:39:09 Guide consists of 1 piece(s)
31.03.2004 17:39:09 Total length of guide   :   29.740 m
31.03.2004 17:39:09 Width x Height          :    6.000 x  10.000 cm²
31.03.2004 17:39:09 Inside guide abutment loss is enabled 
31.03.2004 17:39:09 The walls have a waviness of 5.000e-003° 
31.03.2004 17:39:09  
31.03.2004 17:39:09  5 number of trajectories read         :      16160
31.03.2004 17:39:09    number of trajectories written      :      14369
31.03.2004 17:39:09 (time averaged) neutron count rate     : 1.0400e+010 n/s 
31.03.2004 17:39:09  count rate of colour 1                : 3.1804e+009 n/s 
31.03.2004 17:39:09  count rate of colour 2                : 7.2200e+009 n/s 
31.03.2004 17:39:09 ------------------------------
31.03.2004 17:39:09 
31.03.2004 17:39:09 
31.03.2004 17:39:09 VITESS version 2.5 module Space and Window 2.10
31.03.2004 17:39:09 OUTER MATERIAL OF COLLIMATOR: IDEAL ABSORBER 
31.03.2004 17:39:09 Thickness of outer material of collimator 0.010000 cm 
31.03.2004 17:39:09 Gravity is enabled 
31.03.2004 17:39:09 Distance between plane x=0 and window plane  0.000000 cm 
31.03.2004 17:39:09 Center of beam: X = 0.000000 cm Y = 0.020617 cm Z = -0.797395 cm TOF = 57.359788 ms  
31.03.2004 17:39:09  
31.03.2004 17:39:09  6 number of trajectories read         :      14369
31.03.2004 17:39:09    number of trajectories written      :        152
31.03.2004 17:39:09 (time averaged) neutron count rate     : 1.2860e+008 n/s 
31.03.2004 17:39:09  count rate of colour 1                : 4.7541e+007 n/s 
31.03.2004 17:39:09  count rate of colour 2                : 8.1058e+007 n/s 
31.03.2004 17:39:09 ------------------------------
31.03.2004 17:39:09 
31.03.2004 17:39:09 
31.03.2004 17:39:09 VITESS version 2.5 module Space and Window 2.10
31.03.2004 17:39:09 OUTER MATERIAL OF COLLIMATOR: IDEAL ABSORBER 
31.03.2004 17:39:09 Thickness of outer material of collimator 0.010000 cm 
31.03.2004 17:39:09 Gravity is enabled 
31.03.2004 17:39:09 Distance between plane x=0 and window plane  94.000000 cm 
31.03.2004 17:39:09 Center of beam: X = 94.000000 cm Y = 0.180817 cm Z = -0.020214 cm TOF = 55.346926 ms  
31.03.2004 17:39:09  
31.03.2004 17:39:09  7 number of trajectories read         :        152
31.03.2004 17:39:09    number of trajectories written      :         96
31.03.2004 17:39:09 (time averaged) neutron count rate     : 7.4896e+007 n/s 
31.03.2004 17:39:09  count rate of colour 1                : 2.7792e+007 n/s 
31.03.2004 17:39:09  count rate of colour 2                : 4.7104e+007 n/s 
31.03.2004 17:39:09 ------------------------------
31.03.2004 17:39:09 
31.03.2004 17:39:09 
31.03.2004 17:39:09 VITESS version 2.5 module monitor1 1.4
31.03.2004 17:39:09 Norm:  0.100000
31.03.2004 17:39:09  8 number of trajectories read         :         96
31.03.2004 17:39:09    number of trajectories written      :         96
31.03.2004 17:39:09 (time averaged) neutron count rate     : 7.4896e+007 n/s 
31.03.2004 17:39:09  count rate of colour 1                : 2.7792e+007 n/s 
31.03.2004 17:39:09  count rate of colour 2                : 4.7104e+007 n/s 
31.03.2004 17:39:09 ------------------------------
31.03.2004 17:39:09 
31.03.2004 17:39:09 
31.03.2004 17:39:09 VITESS version 2.5 module sample_reflectom 2.4
31.03.2004 17:39:09 initialised option: 	'sample'
31.03.2004 17:39:09 data from parameter file: 'refl.ref'
31.03.2004 17:39:09   main position X, Y, Z    =   32.0000,    0.0000,    0.0000
31.03.2004 17:39:09   thickness, width, height =    0.0000,    5.0000,    9.0000
31.03.2004 17:39:09   angle                    =   -2.0000 around Y-Axis 
31.03.2004 17:39:09 user defined frame:
31.03.2004 17:39:09   horizontal angle =    0.0000
31.03.2004 17:39:09   vertical angle   =    0.0000
31.03.2004 17:39:09   X',Y',Z'         =   32.0000,    0.0000,    0.0000
31.03.2004 17:39:09 
31.03.2004 17:39:09 Error: for 4 trajectories the calculated Q-value is higher (or smaller) than all values in the file .
31.03.2004 17:39:09 First trajectory has ID AA0034334.
31.03.2004 17:39:09  
31.03.2004 17:39:09  9 number of trajectories read         :         96
31.03.2004 17:39:09    number of trajectories written      :         92
31.03.2004 17:39:09 (time averaged) neutron count rate     : 1.5255e+003 n/s 
31.03.2004 17:39:09  count rate of colour 1                : 2.0539e+002 n/s 
31.03.2004 17:39:09  count rate of colour 2                : 1.3201e+003 n/s 
31.03.2004 17:39:09 ------------------------------
31.03.2004 17:39:09 
31.03.2004 17:39:09 
31.03.2004 17:39:09 VITESS version 2.5 module frame 1.2
31.03.2004 17:39:09 	sequence		R T M
31.03.2004 17:39:09 	angle around  Z, Y, X	0.000000  0.000000  90.000000
31.03.2004 17:39:09 	translate        x, y, z	0.000000  0.000000  0.000000
31.03.2004 17:39:09 	mirror	     YZ,ZX,XY	0 0 0
31.03.2004 17:39:09 
31.03.2004 17:39:09 Euler frame rotations: Positive rotation of frame means rotation of one positive 
31.03.2004 17:39:09 axis towards a higher index positive axis : +X->+Y, +Y->+Z, +X->+Z 
31.03.2004 17:39:09 
31.03.2004 17:39:09 10 number of trajectories read         :         92
31.03.2004 17:39:09    number of trajectories written      :         92
31.03.2004 17:39:09 (time averaged) neutron count rate     : 1.5255e+003 n/s 
31.03.2004 17:39:09  count rate of colour 1                : 2.0539e+002 n/s 
31.03.2004 17:39:09  count rate of colour 2                : 1.3201e+003 n/s 
31.03.2004 17:39:09 ------------------------------
31.03.2004 17:39:09 
31.03.2004 17:39:09 
31.03.2004 17:39:09 VITESS version 2.5 module detector 1.4
31.03.2004 17:39:09  
31.03.2004 17:39:09 11 number of trajectories read         :         92
31.03.2004 17:39:09    number of trajectories written      :         92
31.03.2004 17:39:09 (time averaged) neutron count rate     : 1.5255e+003 n/s 
31.03.2004 17:39:09  count rate of colour 1                : 2.0539e+002 n/s 
31.03.2004 17:39:09  count rate of colour 2                : 1.3201e+003 n/s 
31.03.2004 17:39:09 ------------------------------
31.03.2004 17:39:09 
31.03.2004 17:39:09 
31.03.2004 17:39:09 VITESS version 2.5 module monitor1 1.4
31.03.2004 17:39:09 Norm:  1.000000
31.03.2004 17:39:09 12 number of trajectories read         :         92
31.03.2004 17:39:09    number of trajectories written      :         92
31.03.2004 17:39:09 (time averaged) neutron count rate     : 1.5255e+003 n/s 
31.03.2004 17:39:09  count rate of colour 1                : 2.0539e+002 n/s 
31.03.2004 17:39:09  count rate of colour 2                : 1.3201e+003 n/s 
31.03.2004 17:39:09 ------------------------------
31.03.2004 17:39:09 
31.03.2004 17:39:09 
31.03.2004 17:39:09 VITESS version 2.5 module eval_elast 1.6b
31.03.2004 17:39:09 Option: momentum transfer Q
31.03.2004 17:39:09 total neutron count rate within binning: 1.3527e+003 n/s 
31.03.2004 17:39:09 
31.03.2004 17:39:09 13 number of trajectories read         :         92
31.03.2004 17:39:09    number of trajectories written      :         92
31.03.2004 17:39:09 (time averaged) neutron count rate     : 1.5255e+003 n/s 
31.03.2004 17:39:09  count rate of colour 1                : 2.0539e+002 n/s 
31.03.2004 17:39:09  count rate of colour 2                : 1.3201e+003 n/s 
31.03.2004 17:39:09 ------------------------------
31.03.2004 18:00:12 Parameter directory is C:/Programme/Vitess_2_5/FILES/REFL_DIR
Starting simulation
C:/Programme/Vitess_2_5/MODULES/source.exe -S3 --Z2 --G1 --U1.0e-7 --B10000 --PC:/Programme/Vitess_2_5/FILES/REFL_DIR --LC:/Programme/Vitess_2_5/FILES/REFL_DIR/vpipelog1 -NESS -R16.667 -p2.0 -aC:/Programme/Vitess_2_5/FILES/REFL_DIR/EssLPMs.mod -n1000000 -m0.1 -t0.0 -y2.1 -M10 -T4.7 -z0.065 -d0 -P0 -X1 -Y0 -V0 -D600 -w100 -h100 -i0 -k0 
| C:/Programme/Vitess_2_5/MODULES/chopper_disc.exe --Z2 --G1 --U1.0e-7 --B10000 --PC:/Programme/Vitess_2_5/FILES/REFL_DIR --LC:/Programme/Vitess_2_5/FILES/REFL_DIR/vpipelog2 -s1000 -o-43.9 -g1 -z0 -p1 -c0 -CC:/Programme/Vitess_2_5/FILES/REFL_DIR/chop_045.dat -l0 
| C:/Programme/Vitess_2_5/MODULES/guide.exe --Z2 --G1 --U1.0e-7 --B10000 --PC:/Programme/Vitess_2_5/FILES/REFL_DIR --LC:/Programme/Vitess_2_5/FILES/REFL_DIR/vpipelog3 -Y2 -Z0 -w6 -h10 -W6 -H10 -p100 -N27 -R1000 -iC:/Programme/Vitess_2_5/FILES/REFL_DIR/mirr1b.dat -IC:/Programme/Vitess_2_5/FILES/REFL_DIR/mirr2linear.dat -jC:/Programme/Vitess_2_5/FILES/REFL_DIR/mirr1b.dat -JC:/Programme/Vitess_2_5/FILES/REFL_DIR/mirr1b.dat -b3 -s0.05 -r0.0 -a1 
| C:/Programme/Vitess_2_5/MODULES/chopper_disc.exe --Z2 --G1 --U1.0e-7 --B10000 --PC:/Programme/Vitess_2_5/FILES/REFL_DIR --LC:/Programme/Vitess_2_5/FILES/REFL_DIR/vpipelog4 -s1000 -o152.3 -g1 -z0 -p1 -c0 -CC:/Programme/Vitess_2_5/FILES/REFL_DIR/chop_180.dat -l0 
| C:/Programme/Vitess_2_5/MODULES/guide.exe --Z2 --G1 --U1.0e-7 --B10000 --PC:/Programme/Vitess_2_5/FILES/REFL_DIR --LC:/Programme/Vitess_2_5/FILES/REFL_DIR/vpipelog5 -Y0 -Z0 -w6 -h10 -W6 -H10 -p2974 -N1 -R0 -iC:/Programme/Vitess_2_5/FILES/REFL_DIR/mirr1b.dat -IC:/Programme/Vitess_2_5/FILES/REFL_DIR/mirr1b.dat -jC:/Programme/Vitess_2_5/FILES/REFL_DIR/mirr1b.dat -JC:/Programme/Vitess_2_5/FILES/REFL_DIR/mirr1b.dat -r0.005 -y10 -z10 -a1 
| C:/Programme/Vitess_2_5/MODULES/spacewindow.exe --Z2 --G1 --U1.0e-7 --B10000 --PC:/Programme/Vitess_2_5/FILES/REFL_DIR --LC:/Programme/Vitess_2_5/FILES/REFL_DIR/vpipelog6 -l0 -R0 -h-0.1 -H0.1 -w-2 -W2 -S0 -t0.01 -c6 -T0 
| C:/Programme/Vitess_2_5/MODULES/spacewindow.exe --Z2 --G1 --U1.0e-7 --B10000 --PC:/Programme/Vitess_2_5/FILES/REFL_DIR --LC:/Programme/Vitess_2_5/FILES/REFL_DIR/vpipelog7 -l94 -R0 -h-0.1 -H0.1 -w-2 -W2 -S0 -t0.01 -c6 -T0 
| C:/Programme/Vitess_2_5/MODULES/monitor1.exe -k1 --Z2 --G1 --U1.0e-7 --B10000 --PC:/Programme/Vitess_2_5/FILES/REFL_DIR --LC:/Programme/Vitess_2_5/FILES/REFL_DIR/vpipelog8 -OC:/Programme/Vitess_2_5/FILES/REFL_DIR/lambda.dat -n100 -C0 -f1 -m0 -M10 -p1 -e0 
| C:/Programme/Vitess_2_5/MODULES/sample_reflectom.exe -O1 -RY -a-2 -Irefl_Si-50Au.dat -Prefl.ref --Z2 --G1 --U1.0e-7 --B10000 --PC:/Programme/Vitess_2_5/FILES/REFL_DIR --LC:/Programme/Vitess_2_5/FILES/REFL_DIR/vpipelog9 
| C:/Programme/Vitess_2_5/MODULES/frame.exe --Z2 --G1 --U1.0e-7 --B10000 --PC:/Programme/Vitess_2_5/FILES/REFL_DIR --LC:/Programme/Vitess_2_5/FILES/REFL_DIR/vpipelog10 -S1 -H0 -V0 -A90 -x0 -y0 -z0 -i0 -j0 -k0 
| C:/Programme/Vitess_2_5/MODULES/detector.exe --Z2 --G1 --U1.0e-7 --B10000 --PC:/Programme/Vitess_2_5/FILES/REFL_DIR --LC:/Programme/Vitess_2_5/FILES/REFL_DIR/vpipelog11 -Gcyl -h25 -w80 -t2 -e0.9 -T0 -P0 -D200 -c48 -r1 -A1 -M1 -g0 
| C:/Programme/Vitess_2_5/MODULES/monitor1.exe -k2 --Z2 --G1 --U1.0e-7 --B10000 --PC:/Programme/Vitess_2_5/FILES/REFL_DIR --LC:/Programme/Vitess_2_5/FILES/REFL_DIR/vpipelog12 -OC:/Programme/Vitess_2_5/FILES/REFL_DIR/time.dat -n120 -f1 -m0 -M120 -p1 -e0 
| C:/Programme/Vitess_2_5/MODULES/eval_elast.exe --Z2 --G1 --U1.0e-7 --B10000 --PC:/Programme/Vitess_2_5/FILES/REFL_DIR --LC:/Programme/Vitess_2_5/FILES/REFL_DIR/vpipelog13 -k2 -oC:/Programme/Vitess_2_5/FILES/REFL_DIR/eval_q.dat -n100 -m0 -M0.25 -p1 -w1 -l6600 -T0 -e41.53 -E92.24 --Fno_file
31.03.2004 18:00:12 simulation (f9c dd0 864 54c d8c 124 b0 208 f18 444 a24 9f4 9a0 ) (3996 3536 2148 1356 3468 292 176 520 3864 1092 2596 2548 2464) is active
31.03.2004 18:00:21 ------------------------------
31.03.2004 18:00:21 
31.03.2004 18:00:21 
31.03.2004 18:00:21 VITESS version 2.5 module Source and Window 1.10
31.03.2004 18:00:21 
31.03.2004 18:00:21 > Simulation of long pulsed spallation source ESS <
31.03.2004 18:00:21 pulse length                 :   2.000 ms 
31.03.2004 18:00:21 pulse frequency              :  16.667 Hz 
31.03.2004 18:00:21 
31.03.2004 18:00:21 colour 1   spatial order 1
31.03.2004 18:00:21 coupled moderator
31.03.2004 18:00:21 moderator temperature        : 325.000 K
31.03.2004 18:00:21 total neutron flux (in 2*pi) : 3.1165e+014 n/(cm²s) 
31.03.2004 18:00:21 moderator position           :(  0.000   -5.500    0.000) cm 
31.03.2004 18:00:21 moderator size (W x H)       :  10.000 cm  x  12.000 cm 
31.03.2004 18:00:21 angle of opening used        :   4.200°    x   0.130°   
31.03.2004 18:00:21 time averaged neutron current: 9.8996e+011 n/s in 0.000166 str
31.03.2004 18:00:21 wavelength band used         :   0.100 Ang -  10.000 Ang
31.03.2004 18:00:21 time interval used           :   0.000 ms  -   4.700 ms 
31.03.2004 18:00:21 
31.03.2004 18:00:21 colour 2   spatial order 1
31.03.2004 18:00:21 coupled moderator
31.03.2004 18:00:21 moderator temperature        :  50.000 K
31.03.2004 18:00:21 total neutron flux (in 2*pi) : 1.0116e+014 n/(cm²s) 
31.03.2004 18:00:21 moderator position           :(  0.000    5.500    0.000) cm 
31.03.2004 18:00:21 moderator size (W x H)       :  10.000 cm  x  12.000 cm 
31.03.2004 18:00:21 angle of opening used        :   4.200°    x   0.130°   
31.03.2004 18:00:21 time averaged neutron current: 3.2134e+011 n/s in 0.000166 str
31.03.2004 18:00:21 wavelength band used         :   0.100 Ang -  10.000 Ang
31.03.2004 18:00:21 time interval used           :   0.000 ms  -   4.700 ms 
31.03.2004 18:00:21 
31.03.2004 18:00:21 window (W x H)               : 100.000 cm  x 100.000 cm 
31.03.2004 18:00:21   in a distance of           :   6.000 m   
31.03.2004 18:00:21   with a declination of      :   0.000°    
31.03.2004 18:00:21 polarization                 :   0.000 %  X: 1.000 Y: 0.000 Z: 0.000
31.03.2004 18:00:21 
31.03.2004 18:00:21 Gravity is enabled 
31.03.2004 18:00:21 Cutoff probability for one trajectory 1.000e-007 
31.03.2004 18:00:21 Center of beam at window     :(600.000   -2.030   -0.019) cm 
31.03.2004 18:00:21 Average TOF                  :   3.623 ms 
31.03.2004 18:00:21 
31.03.2004 18:00:21 number of trajectories started     :        1000000
31.03.2004 18:00:21  1 number of trajectories read         :          0
31.03.2004 18:00:21    number of trajectories written      :    1000000
31.03.2004 18:00:21 (time averaged) neutron count rate     : 1.5576e+012 n/s 
31.03.2004 18:00:21  count rate of colour 1                : 1.0754e+012 n/s 
31.03.2004 18:00:21  count rate of colour 2                : 4.8221e+011 n/s 
31.03.2004 18:00:21 ------------------------------
31.03.2004 18:00:21 
31.03.2004 18:00:21 
31.03.2004 18:00:21 VITESS version 2.5 module Space and Chopper 1.8
31.03.2004 18:00:21 Absorption of Gd in chopper disk assumed
31.03.2004 18:00:21 Radius of chopper           :   31.00         cm
31.03.2004 18:00:21 Center of chopper axle (Z,Y): (-25.00, +0.00) cm
31.03.2004 18:00:21 Chopper open at t=0 (without offset) for a window at 0.0   deg
31.03.2004 18:00:21 Window 1:
31.03.2004 18:00:21   Position :   0.00 deg
31.03.2004 18:00:21   Aperture :  45.00 deg
31.03.2004 18:00:21   Height   :  15.00 cm
31.03.2004 18:00:21 Center of beam before the chopper: X = 0.000000 cm Y = -2.030263 cm Z = -0.019463 cm TOF = 3.623040 ms 
31.03.2004 18:00:21 
31.03.2004 18:00:21 Error: 289779 trajectories passed outside the chopper.
31.03.2004 18:00:21 First trajectory has ID AA0000005.
31.03.2004 18:00:21  
31.03.2004 18:00:21  2 number of trajectories read         :    1000000
31.03.2004 18:00:21    number of trajectories written      :     623049
31.03.2004 18:00:21 (time averaged) neutron count rate     : 1.1091e+012 n/s 
31.03.2004 18:00:21  count rate of colour 1                : 7.4620e+011 n/s 
31.03.2004 18:00:21  count rate of colour 2                : 3.6286e+011 n/s 
31.03.2004 18:00:21 ------------------------------
31.03.2004 18:00:21 
31.03.2004 18:00:21 
31.03.2004 18:00:21 VITESS version 2.5 module guide 2.10
31.03.2004 18:00:21 Horizontal: curved, radius: 1000.000 m
31.03.2004 18:00:21 Vertical  : constant height
31.03.2004 18:00:21 Guide consists of 27 piece(s) with 3 channels
31.03.2004 18:00:21 Total length of guide   :   27.000 m
31.03.2004 18:00:21 Width x Height          :    6.000 x  10.000 cm²
31.03.2004 18:00:21 Inside guide abutment loss is enabled 
31.03.2004 18:00:21 The walls have no waviness 
31.03.2004 18:00:21  
31.03.2004 18:00:21  3 number of trajectories read         :     623049
31.03.2004 18:00:21    number of trajectories written      :      19629
31.03.2004 18:00:21 (time averaged) neutron count rate     : 1.7808e+010 n/s 
31.03.2004 18:00:21  count rate of colour 1                : 8.6407e+009 n/s 
31.03.2004 18:00:21  count rate of colour 2                : 9.1669e+009 n/s 
31.03.2004 18:00:21 ------------------------------
31.03.2004 18:00:21 
31.03.2004 18:00:21 
31.03.2004 18:00:21 VITESS version 2.5 module Space and Chopper 1.8
31.03.2004 18:00:21 Absorption of Gd in chopper disk assumed
31.03.2004 18:00:21 Radius of chopper           :   31.00         cm
31.03.2004 18:00:21 Center of chopper axle (Z,Y): (-25.00, +0.00) cm
31.03.2004 18:00:21 Chopper open at t=0 (without offset) for a window at 0.0   deg
31.03.2004 18:00:21 Window 1:
31.03.2004 18:00:21   Position :   0.00 deg
31.03.2004 18:00:21   Aperture : 180.00 deg
31.03.2004 18:00:21   Height   :  15.00 cm
31.03.2004 18:00:21 Center of beam before the chopper: X = 0.000000 cm Y = -0.341831 cm Z = -0.280357 cm TOF = 26.702078 ms 
31.03.2004 18:00:21  
31.03.2004 18:00:21  4 number of trajectories read         :      19629
31.03.2004 18:00:21    number of trajectories written      :      16067
31.03.2004 18:00:21 (time averaged) neutron count rate     : 1.1990e+010 n/s 
31.03.2004 18:00:21  count rate of colour 1                : 3.8288e+009 n/s 
31.03.2004 18:00:21  count rate of colour 2                : 8.1615e+009 n/s 
31.03.2004 18:00:21 ------------------------------
31.03.2004 18:00:21 
31.03.2004 18:00:21 
31.03.2004 18:00:21 VITESS version 2.5 module guide 2.10
31.03.2004 18:00:21 Horizontal: constant width
31.03.2004 18:00:21 Vertical  : constant height
31.03.2004 18:00:21 Guide consists of 1 piece(s)
31.03.2004 18:00:21 Total length of guide   :   29.740 m
31.03.2004 18:00:21 Width x Height          :    6.000 x  10.000 cm²
31.03.2004 18:00:21 Inside guide abutment loss is enabled 
31.03.2004 18:00:21 The walls have a waviness of 5.000e-003° 
31.03.2004 18:00:21  
31.03.2004 18:00:21  5 number of trajectories read         :      16067
31.03.2004 18:00:21    number of trajectories written      :      14200
31.03.2004 18:00:21 (time averaged) neutron count rate     : 1.0218e+010 n/s 
31.03.2004 18:00:21  count rate of colour 1                : 3.2020e+009 n/s 
31.03.2004 18:00:21  count rate of colour 2                : 7.0160e+009 n/s 
31.03.2004 18:00:21 ------------------------------
31.03.2004 18:00:21 
31.03.2004 18:00:21 
31.03.2004 18:00:21 VITESS version 2.5 module Space and Window 2.10
31.03.2004 18:00:21 OUTER MATERIAL OF COLLIMATOR: IDEAL ABSORBER 
31.03.2004 18:00:21 Thickness of outer material of collimator 0.010000 cm 
31.03.2004 18:00:21 Gravity is enabled 
31.03.2004 18:00:21 Distance between plane x=0 and window plane  0.000000 cm 
31.03.2004 18:00:21 Center of beam: X = 0.000000 cm Y = -0.016005 cm Z = -0.821759 cm TOF = 57.283261 ms  
31.03.2004 18:00:21  
31.03.2004 18:00:21  6 number of trajectories read         :      14200
31.03.2004 18:00:21    number of trajectories written      :        140
31.03.2004 18:00:21 (time averaged) neutron count rate     : 1.1955e+008 n/s 
31.03.2004 18:00:21  count rate of colour 1                : 2.7175e+007 n/s 
31.03.2004 18:00:21  count rate of colour 2                : 9.2379e+007 n/s 
31.03.2004 18:00:21 ------------------------------
31.03.2004 18:00:21 
31.03.2004 18:00:21 
31.03.2004 18:00:21 VITESS version 2.5 module Space and Window 2.10
31.03.2004 18:00:21 OUTER MATERIAL OF COLLIMATOR: IDEAL ABSORBER 
31.03.2004 18:00:21 Thickness of outer material of collimator 0.010000 cm 
31.03.2004 18:00:21 Gravity is enabled 
31.03.2004 18:00:21 Distance between plane x=0 and window plane  94.000000 cm 
31.03.2004 18:00:21 Center of beam: X = 94.000000 cm Y = -0.084847 cm Z = -0.041083 cm TOF = 59.325844 ms  
31.03.2004 18:00:21  
31.03.2004 18:00:21  7 number of trajectories read         :        140
31.03.2004 18:00:21    number of trajectories written      :         85
31.03.2004 18:00:21 (time averaged) neutron count rate     : 8.5915e+007 n/s 
31.03.2004 18:00:21  count rate of colour 1                : 1.8525e+007 n/s 
31.03.2004 18:00:21  count rate of colour 2                : 6.7390e+007 n/s 
31.03.2004 18:00:21 ------------------------------
31.03.2004 18:00:21 
31.03.2004 18:00:21 
31.03.2004 18:00:21 VITESS version 2.5 module monitor1 1.4
31.03.2004 18:00:21 Norm:  0.100000
31.03.2004 18:00:21  8 number of trajectories read         :         85
31.03.2004 18:00:21    number of trajectories written      :         85
31.03.2004 18:00:21 (time averaged) neutron count rate     : 8.5915e+007 n/s 
31.03.2004 18:00:21  count rate of colour 1                : 1.8525e+007 n/s 
31.03.2004 18:00:21  count rate of colour 2                : 6.7390e+007 n/s 
31.03.2004 18:00:21 ------------------------------
31.03.2004 18:00:21 
31.03.2004 18:00:21 
31.03.2004 18:00:21 VITESS version 2.5 module sample_reflectom 2.4
31.03.2004 18:00:21 initialised option: 	'sample'
31.03.2004 18:00:21 data from parameter file: 'refl.ref'
31.03.2004 18:00:21   main position X, Y, Z    =   32.0000,    0.0000,    0.0000
31.03.2004 18:00:21   thickness, width, height =    0.0000,    5.0000,    9.0000
31.03.2004 18:00:21   angle                    =   -2.0000 around Y-Axis 
31.03.2004 18:00:21 user defined frame:
31.03.2004 18:00:21   horizontal angle =    0.0000
31.03.2004 18:00:21   vertical angle   =    0.0000
31.03.2004 18:00:21   X',Y',Z'         =   32.0000,    0.0000,    0.0000
31.03.2004 18:00:21 
31.03.2004 18:00:21 Error: for 3 trajectories the calculated Q-value is higher (or smaller) than all values in the file .
31.03.2004 18:00:21 First trajectory has ID AA0088755.
31.03.2004 18:00:21  
31.03.2004 18:00:21  9 number of trajectories read         :         85
31.03.2004 18:00:21    number of trajectories written      :         80
31.03.2004 18:00:21 (time averaged) neutron count rate     : 2.0003e+003 n/s 
31.03.2004 18:00:21  count rate of colour 1                : 2.4778e+002 n/s 
31.03.2004 18:00:21  count rate of colour 2                : 1.7525e+003 n/s 
31.03.2004 18:00:21 ------------------------------
31.03.2004 18:00:21 
31.03.2004 18:00:21 
31.03.2004 18:00:21 VITESS version 2.5 module frame 1.2
31.03.2004 18:00:21 	sequence		R T M
31.03.2004 18:00:21 	angle around  Z, Y, X	0.000000  0.000000  90.000000
31.03.2004 18:00:21 	translate        x, y, z	0.000000  0.000000  0.000000
31.03.2004 18:00:21 	mirror	     YZ,ZX,XY	0 0 0
31.03.2004 18:00:21 
31.03.2004 18:00:21 Euler frame rotations: Positive rotation of frame means rotation of one positive 
31.03.2004 18:00:21 axis towards a higher index positive axis : +X->+Y, +Y->+Z, +X->+Z 
31.03.2004 18:00:21 
31.03.2004 18:00:21 10 number of trajectories read         :         80
31.03.2004 18:00:21    number of trajectories written      :         80
31.03.2004 18:00:21 (time averaged) neutron count rate     : 2.0003e+003 n/s 
31.03.2004 18:00:21  count rate of colour 1                : 2.4778e+002 n/s 
31.03.2004 18:00:21  count rate of colour 2                : 1.7525e+003 n/s 
31.03.2004 18:00:21 ------------------------------
31.03.2004 18:00:21 
31.03.2004 18:00:21 
31.03.2004 18:00:21 VITESS version 2.5 module detector 1.4
31.03.2004 18:00:21  
31.03.2004 18:00:21 11 number of trajectories read         :         80
31.03.2004 18:00:21    number of trajectories written      :         80
31.03.2004 18:00:21 (time averaged) neutron count rate     : 2.0003e+003 n/s 
31.03.2004 18:00:21  count rate of colour 1                : 2.4778e+002 n/s 
31.03.2004 18:00:21  count rate of colour 2                : 1.7525e+003 n/s 
31.03.2004 18:00:21 ------------------------------
31.03.2004 18:00:21 
31.03.2004 18:00:21 
31.03.2004 18:00:21 VITESS version 2.5 module monitor1 1.4
31.03.2004 18:00:21 Norm:  1.000000
31.03.2004 18:00:21 12 number of trajectories read         :         80
31.03.2004 18:00:21    number of trajectories written      :         80
31.03.2004 18:00:21 (time averaged) neutron count rate     : 2.0003e+003 n/s 
31.03.2004 18:00:21  count rate of colour 1                : 2.4778e+002 n/s 
31.03.2004 18:00:21  count rate of colour 2                : 1.7525e+003 n/s 
31.03.2004 18:00:21 ------------------------------
31.03.2004 18:00:21 
31.03.2004 18:00:21 
31.03.2004 18:00:21 VITESS version 2.5 module eval_elast 1.6b
31.03.2004 18:00:21 Option: momentum transfer Q
31.03.2004 18:00:21 total neutron count rate within binning: 1.9686e+003 n/s 
31.03.2004 18:00:21 
31.03.2004 18:00:21 13 number of trajectories read         :         80
31.03.2004 18:00:21    number of trajectories written      :         80
31.03.2004 18:00:21 (time averaged) neutron count rate     : 2.0003e+003 n/s 
31.03.2004 18:00:21  count rate of colour 1                : 2.4778e+002 n/s 
31.03.2004 18:00:21  count rate of colour 2                : 1.7525e+003 n/s 
31.03.2004 18:00:21 ------------------------------
