This file contains any messages produced by compilers while
running configure, to aid debugging if configure makes a mistake.

It was created by configure, which was
generated by GNU Autoconf 2.59.  Invocation command line was

  $ ./configure --x-libraries=/usr/X11/lib --x-includes=/usr/include/X11

## --------- ##
## Platform. ##
## --------- ##

hostname = donald.hmi.de
uname -m = x86_64
uname -r = 11.0.1
uname -s = Darwin
uname -v = Darwin Kernel Version 11.0.1: Thu Jul 28 02:01:39 PDT 2011; root:xnu-1699.23.4~1/RELEASE_X86_64

/usr/bin/uname -p = i386
/bin/uname -X     = unknown

/bin/arch              = unknown
/usr/bin/arch -k       = unknown
/usr/convex/getsysinfo = unknown
hostinfo               = Mach kernel version:
	 Darwin Kernel Version 11.0.1: Thu Jul 28 02:01:39 PDT 2011; root:xnu-1699.23.4~1/RELEASE_X86_64
Kernel configured for up to 8 processors.
4 processors are physically available.
8 processors are logically available.
Processor type: i486 (Intel 80486)
Processors active: 0 1 2 3 4 5 6 7
Primary memory available: 4.00 gigabytes
Default processor set: 132 tasks, 524 threads, 8 processors
Load average: 0.63, Mach factor: 7.35
/bin/machine           = unknown
/usr/bin/oslevel       = unknown
/bin/universe          = unknown

PATH: /usr/bin
PATH: /bin
PATH: /usr/sbin
PATH: /sbin
PATH: /usr/local/bin
PATH: /usr/X11/bin


## ----------- ##
## Core tests. ##
## ----------- ##

configure:1349: checking build system type
configure:1367: result: i686-apple-darwin11.0.1
configure:1375: checking host system type
configure:1389: result: i686-apple-darwin11.0.1
configure:1487: checking for gcc
configure:1503: found /usr/bin/gcc
configure:1513: result: gcc
configure:1757: checking for C compiler version
configure:1760: gcc --version </dev/null >&5
i686-apple-darwin11-llvm-gcc-4.2 (GCC) 4.2.1 (Based on Apple Inc. build 5658) (LLVM build 2335.15.00)
Copyright (C) 2007 Free Software Foundation, Inc.
This is free software; see the source for copying conditions.  There is NO
warranty; not even for MERCHANTABILITY or FITNESS FOR A PARTICULAR PURPOSE.

configure:1763: $? = 0
configure:1765: gcc -v </dev/null >&5
Using built-in specs.
Target: i686-apple-darwin11
Configured with: /private/var/tmp/llvmgcc42/llvmgcc42-2335.15~25/src/configure --disable-checking --enable-werror --prefix=/Developer/usr/llvm-gcc-4.2 --mandir=/share/man --enable-languages=c,objc,c++,obj-c++ --program-prefix=llvm- --program-transform-name=/^[cg][^.-]*$/s/$/-4.2/ --with-slibdir=/usr/lib --build=i686-apple-darwin11 --enable-llvm=/private/var/tmp/llvmgcc42/llvmgcc42-2335.15~25/dst-llvmCore/Developer/usr/local --program-prefix=i686-apple-darwin11- --host=x86_64-apple-darwin11 --target=i686-apple-darwin11 --with-gxx-include-dir=/usr/include/c++/4.2.1
Thread model: posix
gcc version 4.2.1 (Based on Apple Inc. build 5658) (LLVM build 2335.15.00)
configure:1768: $? = 0
configure:1770: gcc -V </dev/null >&5
llvm-gcc-4.2: argument to `-V' is missing
configure:1773: $? = 1
configure:1796: checking for C compiler default output file name
configure:1799: gcc    conftest.c  >&5
configure:1802: $? = 0
configure:1848: result: a.out
configure:1853: checking whether the C compiler works
configure:1859: ./a.out
configure:1862: $? = 0
configure:1879: result: yes
configure:1886: checking whether we are cross compiling
configure:1888: result: no
configure:1891: checking for suffix of executables
configure:1893: gcc -o conftest    conftest.c  >&5
configure:1896: $? = 0
configure:1921: result: 
configure:1927: checking for suffix of object files
configure:1948: gcc -c   conftest.c >&5
configure:1951: $? = 0
configure:1973: result: o
configure:1977: checking whether we are using the GNU C compiler
configure:2001: gcc -c   conftest.c >&5
configure:2007: $? = 0
configure:2010: test -z 			 || test ! -s conftest.err
configure:2013: $? = 0
configure:2016: test -s conftest.o
configure:2019: $? = 0
configure:2032: result: yes
configure:2038: checking whether gcc accepts -g
configure:2059: gcc -c -g  conftest.c >&5
configure:2065: $? = 0
configure:2068: test -z 			 || test ! -s conftest.err
configure:2071: $? = 0
configure:2074: test -s conftest.o
configure:2077: $? = 0
configure:2088: result: yes
configure:2105: checking for gcc option to accept ANSI C
configure:2175: gcc  -c -g -O2  conftest.c >&5
configure:2181: $? = 0
configure:2184: test -z 			 || test ! -s conftest.err
configure:2187: $? = 0
configure:2190: test -s conftest.o
configure:2193: $? = 0
configure:2211: result: none needed
configure:2229: gcc -c -g -O2  conftest.c >&5
conftest.c:2: error: expected '=', ',', ';', 'asm' or '__attribute__' before 'me'
configure:2235: $? = 1
configure: failed program was:
| #ifndef __cplusplus
|   choke me
| #endif
configure:2370: checking how to run the C preprocessor
configure:2405: gcc -E  conftest.c
configure:2411: $? = 0
configure:2443: gcc -E  conftest.c
conftest.c:10:28: error: ac_nonexistent.h: No such file or directory
configure:2449: $? = 1
configure: failed program was:
| /* confdefs.h.  */
| 
| #define PACKAGE_NAME ""
| #define PACKAGE_TARNAME ""
| #define PACKAGE_VERSION ""
| #define PACKAGE_STRING ""
| #define PACKAGE_BUGREPORT ""
| #define UNIX 1
| /* end confdefs.h.  */
| #include <ac_nonexistent.h>
configure:2488: result: gcc -E
configure:2512: gcc -E  conftest.c
configure:2518: $? = 0
configure:2550: gcc -E  conftest.c
conftest.c:10:28: error: ac_nonexistent.h: No such file or directory
configure:2556: $? = 1
configure: failed program was:
| /* confdefs.h.  */
| 
| #define PACKAGE_NAME ""
| #define PACKAGE_TARNAME ""
| #define PACKAGE_VERSION ""
| #define PACKAGE_STRING ""
| #define PACKAGE_BUGREPORT ""
| #define UNIX 1
| /* end confdefs.h.  */
| #include <ac_nonexistent.h>
configure:2651: checking for g++
configure:2667: found /usr/bin/g++
configure:2677: result: g++
configure:2693: checking for C++ compiler version
configure:2696: g++ --version </dev/null >&5
i686-apple-darwin11-llvm-g++-4.2 (GCC) 4.2.1 (Based on Apple Inc. build 5658) (LLVM build 2335.15.00)
Copyright (C) 2007 Free Software Foundation, Inc.
This is free software; see the source for copying conditions.  There is NO
warranty; not even for MERCHANTABILITY or FITNESS FOR A PARTICULAR PURPOSE.

configure:2699: $? = 0
configure:2701: g++ -v </dev/null >&5
Using built-in specs.
Target: i686-apple-darwin11
Configured with: /private/var/tmp/llvmgcc42/llvmgcc42-2335.15~25/src/configure --disable-checking --enable-werror --prefix=/Developer/usr/llvm-gcc-4.2 --mandir=/share/man --enable-languages=c,objc,c++,obj-c++ --program-prefix=llvm- --program-transform-name=/^[cg][^.-]*$/s/$/-4.2/ --with-slibdir=/usr/lib --build=i686-apple-darwin11 --enable-llvm=/private/var/tmp/llvmgcc42/llvmgcc42-2335.15~25/dst-llvmCore/Developer/usr/local --program-prefix=i686-apple-darwin11- --host=x86_64-apple-darwin11 --target=i686-apple-darwin11 --with-gxx-include-dir=/usr/include/c++/4.2.1
Thread model: posix
gcc version 4.2.1 (Based on Apple Inc. build 5658) (LLVM build 2335.15.00)
configure:2704: $? = 0
configure:2706: g++ -V </dev/null >&5
llvm-g++-4.2: argument to `-V' is missing
configure:2709: $? = 1
configure:2712: checking whether we are using the GNU C++ compiler
configure:2736: g++ -c   conftest.cc >&5
configure:2742: $? = 0
configure:2745: test -z 			 || test ! -s conftest.err
configure:2748: $? = 0
configure:2751: test -s conftest.o
configure:2754: $? = 0
configure:2767: result: yes
configure:2773: checking whether g++ accepts -g
configure:2794: g++ -c -g  conftest.cc >&5
configure:2800: $? = 0
configure:2803: test -z 			 || test ! -s conftest.err
configure:2806: $? = 0
configure:2809: test -s conftest.o
configure:2812: $? = 0
configure:2823: result: yes
configure:2865: g++ -c -g -O2  conftest.cc >&5
configure:2871: $? = 0
configure:2874: test -z 			 || test ! -s conftest.err
configure:2877: $? = 0
configure:2880: test -s conftest.o
configure:2883: $? = 0
configure:2909: g++ -c -g -O2  conftest.cc >&5
conftest.cc: In function 'int main()':
conftest.cc:14: error: 'exit' was not declared in this scope
configure:2915: $? = 1
configure: failed program was:
| /* confdefs.h.  */
| 
| #define PACKAGE_NAME ""
| #define PACKAGE_TARNAME ""
| #define PACKAGE_VERSION ""
| #define PACKAGE_STRING ""
| #define PACKAGE_BUGREPORT ""
| #define UNIX 1
| /* end confdefs.h.  */
| 
| int
| main ()
| {
| exit (42);
|   ;
|   return 0;
| }
configure:2865: g++ -c -g -O2  conftest.cc >&5
conftest.cc:10: error: 'void std::exit(int)' should have been declared inside 'std'
In file included from conftest.cc:11:
/usr/include/stdlib.h:159: error: declaration of 'void std::exit(int)' throws different exceptions
conftest.cc:10: error: from previous declaration 'void std::exit(int) throw ()'
configure:2871: $? = 1
configure: failed program was:
| /* confdefs.h.  */
| 
| #define PACKAGE_NAME ""
| #define PACKAGE_TARNAME ""
| #define PACKAGE_VERSION ""
| #define PACKAGE_STRING ""
| #define PACKAGE_BUGREPORT ""
| #define UNIX 1
| /* end confdefs.h.  */
| extern "C" void std::exit (int) throw (); using std::exit;
| #include <stdlib.h>
| int
| main ()
| {
| exit (42);
|   ;
|   return 0;
| }
configure:2865: g++ -c -g -O2  conftest.cc >&5
conftest.cc:10: error: 'void std::exit(int)' should have been declared inside 'std'
configure:2871: $? = 1
configure: failed program was:
| /* confdefs.h.  */
| 
| #define PACKAGE_NAME ""
| #define PACKAGE_TARNAME ""
| #define PACKAGE_VERSION ""
| #define PACKAGE_STRING ""
| #define PACKAGE_BUGREPORT ""
| #define UNIX 1
| /* end confdefs.h.  */
| extern "C" void std::exit (int); using std::exit;
| #include <stdlib.h>
| int
| main ()
| {
| exit (42);
|   ;
|   return 0;
| }
configure:2865: g++ -c -g -O2  conftest.cc >&5
In file included from conftest.cc:11:
/usr/include/stdlib.h:159: error: declaration of 'void exit(int)' throws different exceptions
conftest.cc:10: error: from previous declaration 'void exit(int) throw ()'
configure:2871: $? = 1
configure: failed program was:
| /* confdefs.h.  */
| 
| #define PACKAGE_NAME ""
| #define PACKAGE_TARNAME ""
| #define PACKAGE_VERSION ""
| #define PACKAGE_STRING ""
| #define PACKAGE_BUGREPORT ""
| #define UNIX 1
| /* end confdefs.h.  */
| extern "C" void exit (int) throw ();
| #include <stdlib.h>
| int
| main ()
| {
| exit (42);
|   ;
|   return 0;
| }
configure:2865: g++ -c -g -O2  conftest.cc >&5
configure:2871: $? = 0
configure:2874: test -z 			 || test ! -s conftest.err
configure:2877: $? = 0
configure:2880: test -s conftest.o
configure:2883: $? = 0
configure:2909: g++ -c -g -O2  conftest.cc >&5
configure:2915: $? = 0
configure:2918: test -z 			 || test ! -s conftest.err
configure:2921: $? = 0
configure:2924: test -s conftest.o
configure:2927: $? = 0
configure:2991: checking for ranlib
configure:3007: found /usr/bin/ranlib
configure:3018: result: ranlib
configure:3043: checking for a BSD-compatible install
configure:3098: result: /usr/bin/install -c
configure:3111: checking for find
configure:3127: found /usr/bin/find
configure:3138: result: find
configure:3147: checking for makedepend
configure:3163: found /usr/X11/bin/makedepend
configure:3174: result: makedepend
configure:3182: checking for dlopen in -ldl
configure:3212: gcc -o conftest -g -O2   conftest.c -ldl   >&5
configure:3218: $? = 0
configure:3221: test -z 			 || test ! -s conftest.err
configure:3224: $? = 0
configure:3227: test -s conftest
configure:3230: $? = 0
configure:3243: result: yes
configure:3260: checking for X
configure:3494: result: libraries /usr/X11/lib, headers /usr/include/X11
configure:3665: gcc -o conftest -g -O2   conftest.c   -L/usr/X11/lib -lX11 >&5
configure:3671: $? = 0
configure:3674: test -z 			 || test ! -s conftest.err
configure:3677: $? = 0
configure:3680: test -s conftest
configure:3683: $? = 0
configure:3839: checking for gethostbyname
configure:3896: gcc -o conftest -g -O2   conftest.c  >&5
configure:3902: $? = 0
configure:3905: test -z 			 || test ! -s conftest.err
configure:3908: $? = 0
configure:3911: test -s conftest
configure:3914: $? = 0
configure:3926: result: yes
configure:4075: checking for connect
configure:4132: gcc -o conftest -g -O2   conftest.c  >&5
configure:4138: $? = 0
configure:4141: test -z 			 || test ! -s conftest.err
configure:4144: $? = 0
configure:4147: test -s conftest
configure:4150: $? = 0
configure:4162: result: yes
configure:4236: checking for remove
configure:4293: gcc -o conftest -g -O2   conftest.c  >&5
configure:4299: $? = 0
configure:4302: test -z 			 || test ! -s conftest.err
configure:4305: $? = 0
configure:4308: test -s conftest
configure:4311: $? = 0
configure:4323: result: yes
configure:4397: checking for shmat
configure:4454: gcc -o conftest -g -O2   conftest.c  >&5
configure:4460: $? = 0
configure:4463: test -z 			 || test ! -s conftest.err
configure:4466: $? = 0
configure:4469: test -s conftest
configure:4472: $? = 0
configure:4484: result: yes
configure:4567: checking for IceConnectionNumber in -lICE
configure:4597: gcc -o conftest -g -O2   -L/usr/X11/lib conftest.c -lICE   >&5
configure:4603: $? = 0
configure:4606: test -z 			 || test ! -s conftest.err
configure:4609: $? = 0
configure:4612: test -s conftest
configure:4615: $? = 0
configure:4628: result: yes
configure:4654: checking for main in -lm
configure:4678: gcc -o conftest -g -O2  -I/usr/include/X11 -I/usr/local/include   conftest.c -lm   -L/usr/X11/lib -L/usr/local/lib >&5
configure:4684: $? = 0
configure:4687: test -z 			 || test ! -s conftest.err
configure:4690: $? = 0
configure:4693: test -s conftest
configure:4696: $? = 0
configure:4709: result: yes
configure:4723: checking for main in -lX11
configure:4747: gcc -o conftest -g -O2  -I/usr/include/X11 -I/usr/local/include   conftest.c -lX11   -L/usr/X11/lib -L/usr/local/lib -lm >&5
configure:4753: $? = 0
configure:4756: test -z 			 || test ! -s conftest.err
configure:4759: $? = 0
configure:4762: test -s conftest
configure:4765: $? = 0
configure:4778: result: yes
configure:4787: checking for main in -lXext
configure:4811: gcc -o conftest -g -O2  -I/usr/include/X11 -I/usr/local/include   conftest.c -lXext   -L/usr/X11/lib -L/usr/local/lib -lm -lX11 >&5
configure:4817: $? = 0
configure:4820: test -z 			 || test ! -s conftest.err
configure:4823: $? = 0
configure:4826: test -s conftest
configure:4829: $? = 0
configure:4842: result: yes
configure:4851: checking for main in -lgd
configure:4875: gcc -o conftest -g -O2  -I/usr/include/X11 -I/usr/local/include   conftest.c -lgd   -L/usr/X11/lib -L/usr/local/lib -lm -lX11 -lXext >&5
configure:4881: $? = 0
configure:4884: test -z 			 || test ! -s conftest.err
configure:4887: $? = 0
configure:4890: test -s conftest
configure:4893: $? = 0
configure:4906: result: yes
configure:4917: checking for gdImagePng
configure:4974: gcc -o conftest -g -O2  -I/usr/include/X11 -I/usr/local/include   conftest.c  -L/usr/X11/lib -L/usr/local/lib -lm -lX11 -lXext -lgd >&5
configure:4980: $? = 0
configure:4983: test -z 			 || test ! -s conftest.err
configure:4986: $? = 0
configure:4989: test -s conftest
configure:4992: $? = 0
configure:5004: result: yes
configure:5013: checking for gdImageGif
configure:5070: gcc -o conftest -g -O2  -I/usr/include/X11 -I/usr/local/include   conftest.c  -L/usr/X11/lib -L/usr/local/lib -lm -lX11 -lXext -lgd >&5
configure:5076: $? = 0
configure:5079: test -z 			 || test ! -s conftest.err
configure:5082: $? = 0
configure:5085: test -s conftest
configure:5088: $? = 0
configure:5100: result: yes
configure:5206: checking for egrep
configure:5216: result: grep -E
configure:5221: checking for ANSI C header files
configure:5246: gcc -c -g -O2  -I/usr/include/X11 -I/usr/local/include  conftest.c >&5
configure:5252: $? = 0
configure:5255: test -z 			 || test ! -s conftest.err
configure:5258: $? = 0
configure:5261: test -s conftest.o
configure:5264: $? = 0
configure:5353: gcc -o conftest -g -O2  -I/usr/include/X11 -I/usr/local/include   conftest.c  -L/usr/X11/lib -L/usr/local/lib -lm -lX11 -lXext -lgd >&5
conftest.c: In function 'main':
conftest.c:36: warning: incompatible implicit declaration of built-in function 'exit'
configure:5356: $? = 0
configure:5358: ./conftest
configure:5361: $? = 0
configure:5376: result: yes
configure:5400: checking for sys/types.h
configure:5416: gcc -c -g -O2  -I/usr/include/X11 -I/usr/local/include  conftest.c >&5
configure:5422: $? = 0
configure:5425: test -z 			 || test ! -s conftest.err
configure:5428: $? = 0
configure:5431: test -s conftest.o
configure:5434: $? = 0
configure:5445: result: yes
configure:5400: checking for sys/stat.h
configure:5416: gcc -c -g -O2  -I/usr/include/X11 -I/usr/local/include  conftest.c >&5
configure:5422: $? = 0
configure:5425: test -z 			 || test ! -s conftest.err
configure:5428: $? = 0
configure:5431: test -s conftest.o
configure:5434: $? = 0
configure:5445: result: yes
configure:5400: checking for stdlib.h
configure:5416: gcc -c -g -O2  -I/usr/include/X11 -I/usr/local/include  conftest.c >&5
configure:5422: $? = 0
configure:5425: test -z 			 || test ! -s conftest.err
configure:5428: $? = 0
configure:5431: test -s conftest.o
configure:5434: $? = 0
configure:5445: result: yes
configure:5400: checking for string.h
configure:5416: gcc -c -g -O2  -I/usr/include/X11 -I/usr/local/include  conftest.c >&5
configure:5422: $? = 0
configure:5425: test -z 			 || test ! -s conftest.err
configure:5428: $? = 0
configure:5431: test -s conftest.o
configure:5434: $? = 0
configure:5445: result: yes
configure:5400: checking for memory.h
configure:5416: gcc -c -g -O2  -I/usr/include/X11 -I/usr/local/include  conftest.c >&5
configure:5422: $? = 0
configure:5425: test -z 			 || test ! -s conftest.err
configure:5428: $? = 0
configure:5431: test -s conftest.o
configure:5434: $? = 0
configure:5445: result: yes
configure:5400: checking for strings.h
configure:5416: gcc -c -g -O2  -I/usr/include/X11 -I/usr/local/include  conftest.c >&5
configure:5422: $? = 0
configure:5425: test -z 			 || test ! -s conftest.err
configure:5428: $? = 0
configure:5431: test -s conftest.o
configure:5434: $? = 0
configure:5445: result: yes
configure:5400: checking for inttypes.h
configure:5416: gcc -c -g -O2  -I/usr/include/X11 -I/usr/local/include  conftest.c >&5
configure:5422: $? = 0
configure:5425: test -z 			 || test ! -s conftest.err
configure:5428: $? = 0
configure:5431: test -s conftest.o
configure:5434: $? = 0
configure:5445: result: yes
configure:5400: checking for stdint.h
configure:5416: gcc -c -g -O2  -I/usr/include/X11 -I/usr/local/include  conftest.c >&5
configure:5422: $? = 0
configure:5425: test -z 			 || test ! -s conftest.err
configure:5428: $? = 0
configure:5431: test -s conftest.o
configure:5434: $? = 0
configure:5445: result: yes
configure:5400: checking for unistd.h
configure:5416: gcc -c -g -O2  -I/usr/include/X11 -I/usr/local/include  conftest.c >&5
configure:5422: $? = 0
configure:5425: test -z 			 || test ! -s conftest.err
configure:5428: $? = 0
configure:5431: test -s conftest.o
configure:5434: $? = 0
configure:5445: result: yes
configure:5471: checking limits.h usability
configure:5483: gcc -c -g -O2  -I/usr/include/X11 -I/usr/local/include  conftest.c >&5
configure:5489: $? = 0
configure:5492: test -z 			 || test ! -s conftest.err
configure:5495: $? = 0
configure:5498: test -s conftest.o
configure:5501: $? = 0
configure:5511: result: yes
configure:5515: checking limits.h presence
configure:5525: gcc -E  conftest.c
configure:5531: $? = 0
configure:5551: result: yes
configure:5586: checking for limits.h
configure:5593: result: yes
configure:5740: creating ./config.status

## ---------------------- ##
## Running config.status. ##
## ---------------------- ##

This file was extended by config.status, which was
generated by GNU Autoconf 2.59.  Invocation command line was

  CONFIG_FILES    = 
  CONFIG_HEADERS  = 
  CONFIG_LINKS    = 
  CONFIG_COMMANDS = 
  $ ./config.status 

on donald.hmi.de

config.status:713: creating Makefile
config.status:713: creating demo/Makefile
config.status:713: creating g2_perl/Makefile.PL
config.status:713: creating g2_python/Makefile

## ---------------- ##
## Cache variables. ##
## ---------------- ##

ac_cv_build=i686-apple-darwin11.0.1
ac_cv_build_alias=i686-apple-darwin11.0.1
ac_cv_c_compiler_gnu=yes
ac_cv_cxx_compiler_gnu=yes
ac_cv_env_CC_set=
ac_cv_env_CC_value=
ac_cv_env_CFLAGS_set=
ac_cv_env_CFLAGS_value=
ac_cv_env_CPPFLAGS_set=
ac_cv_env_CPPFLAGS_value=
ac_cv_env_CPP_set=
ac_cv_env_CPP_value=
ac_cv_env_CXXFLAGS_set=
ac_cv_env_CXXFLAGS_value=
ac_cv_env_CXX_set=
ac_cv_env_CXX_value=
ac_cv_env_LDFLAGS_set=
ac_cv_env_LDFLAGS_value=
ac_cv_env_build_alias_set=
ac_cv_env_build_alias_value=
ac_cv_env_host_alias_set=
ac_cv_env_host_alias_value=
ac_cv_env_target_alias_set=
ac_cv_env_target_alias_value=
ac_cv_exeext=
ac_cv_func_connect=yes
ac_cv_func_gdImageGif=yes
ac_cv_func_gdImagePng=yes
ac_cv_func_gethostbyname=yes
ac_cv_func_remove=yes
ac_cv_func_shmat=yes
ac_cv_have_x='have_x=yes 		ac_x_includes=/usr/include/X11 ac_x_libraries=/usr/X11/lib'
ac_cv_header_inttypes_h=yes
ac_cv_header_limits_h=yes
ac_cv_header_memory_h=yes
ac_cv_header_stdc=yes
ac_cv_header_stdint_h=yes
ac_cv_header_stdlib_h=yes
ac_cv_header_string_h=yes
ac_cv_header_strings_h=yes
ac_cv_header_sys_stat_h=yes
ac_cv_header_sys_types_h=yes
ac_cv_header_unistd_h=yes
ac_cv_host=i686-apple-darwin11.0.1
ac_cv_host_alias=i686-apple-darwin11.0.1
ac_cv_lib_ICE_IceConnectionNumber=yes
ac_cv_lib_X11_main=yes
ac_cv_lib_Xext_main=yes
ac_cv_lib_dl_dlopen=yes
ac_cv_lib_gd_main=yes
ac_cv_lib_m_main=yes
ac_cv_objext=o
ac_cv_path_install='/usr/bin/install -c'
ac_cv_prog_CPP='gcc -E'
ac_cv_prog_FIND=find
ac_cv_prog_MAKEDEPEND=makedepend
ac_cv_prog_ac_ct_CC=gcc
ac_cv_prog_ac_ct_CXX=g++
ac_cv_prog_ac_ct_RANLIB=ranlib
ac_cv_prog_cc_g=yes
ac_cv_prog_cc_stdc=
ac_cv_prog_cxx_g=yes
ac_cv_prog_egrep='grep -E'

## ----------------- ##
## Output variables. ##
## ----------------- ##

CC='gcc'
CFLAGS='-g -O2  -I/usr/include/X11 -I/usr/local/include'
CPP='gcc -E'
CPPFLAGS=''
CXX='g++'
CXXFLAGS='-g -O2'
DEFS='-DPACKAGE_NAME=\"\" -DPACKAGE_TARNAME=\"\" -DPACKAGE_VERSION=\"\" -DPACKAGE_STRING=\"\" -DPACKAGE_BUGREPORT=\"\" -DUNIX=1 -DDO_PS=1 -DDO_FIG=1 -DDO_X11=1 -DDO_XDBE=1 -DDO_GD=1 -DDO_GIF=1 -DSTDC_HEADERS=1 -DHAVE_SYS_TYPES_H=1 -DHAVE_SYS_STAT_H=1 -DHAVE_STDLIB_H=1 -DHAVE_STRING_H=1 -DHAVE_MEMORY_H=1 -DHAVE_STRINGS_H=1 -DHAVE_INTTYPES_H=1 -DHAVE_STDINT_H=1 -DHAVE_UNISTD_H=1 -DHAVE_LIMITS_H=1 '
DO_FIG=''
DO_GD=''
DO_GIF=''
DO_PS=''
DO_WIN32='#'
DO_X11=''
DO_XDBE=''
ECHO_C='ECHO_N=''
ECHO_T=''
EGREP='grep -E'
EXEEXT=''
FIND='find'
INSTALL_DATA='${INSTALL} -m 644'
INSTALL_PROGRAM='${INSTALL}'
INSTALL_SCRIPT='${INSTALL}'
LDFLAGS=''
LD_SHARED=''
LD_SHARED_EXT='so'
LD_SHARED_FLAGS=''
LD_SHARED_OPT=''
LIBOBJS=''
LIBS=' -L/usr/X11/lib -L/usr/local/lib -lm -lX11 -lXext -lgd'
LTLIBOBJS=''
MAKEDEPEND='makedepend'
OBJEXT='o'
PACKAGE_BUGREPORT=''
PACKAGE_NAME=''
PACKAGE_STRING=''
PACKAGE_TARNAME=''
PACKAGE_VERSION=''
PATH_SEPARATOR=':'
RANLIB='ranlib'
SHELL='/bin/sh'
X_CFLAGS=' -I/usr/include/X11'
X_EXTRA_LIBS=''
X_LIBS=' -L/usr/X11/lib'
X_PRE_LIBS=' -lSM -lICE'
ac_ct_CC='gcc'
ac_ct_CXX='g++'
ac_ct_RANLIB='ranlib'
bindir='${exec_prefix}/bin'
build='i686-apple-darwin11.0.1'
build_alias=''
build_cpu='i686'
build_os='darwin11.0.1'
build_vendor='apple'
datadir='${prefix}/share'
exec_prefix='${prefix}'
host='i686-apple-darwin11.0.1'
host_alias=''
host_cpu='i686'
host_os='darwin11.0.1'
host_vendor='apple'
includedir='${prefix}/include'
infodir='${prefix}/info'
libdir='${exec_prefix}/lib'
libexecdir='${exec_prefix}/libexec'
localstatedir='${prefix}/var'
mandir='${prefix}/man'
oldincludedir='/usr/include'
prefix='/usr/local'
program_transform_name='s,x,x,'
sbindir='${exec_prefix}/sbin'
sharedstatedir='${prefix}/com'
sysconfdir='${prefix}/etc'
target_alias=''

## ----------- ##
## confdefs.h. ##
## ----------- ##

#define DO_FIG 1
#define DO_GD 1
#define DO_GIF 1
#define DO_PS 1
#define DO_X11 1
#define DO_XDBE 1
#define HAVE_INTTYPES_H 1
#define HAVE_LIMITS_H 1
#define HAVE_MEMORY_H 1
#define HAVE_STDINT_H 1
#define HAVE_STDLIB_H 1
#define HAVE_STRINGS_H 1
#define HAVE_STRING_H 1
#define HAVE_SYS_STAT_H 1
#define HAVE_SYS_TYPES_H 1
#define HAVE_UNISTD_H 1
#define PACKAGE_BUGREPORT ""
#define PACKAGE_NAME ""
#define PACKAGE_STRING ""
#define PACKAGE_TARNAME ""
#define PACKAGE_VERSION ""
#define STDC_HEADERS 1
#define UNIX 1
#endif
#ifdef __cplusplus
extern "C" void exit (int);

configure: exit 0
